Command: /Users/tallesrocha/.espressif/tools/python/v5.5.2/venv/bin/python3 /Users/tallesrocha/.espressif/v5.5.2/esp-idf/tools/idf_monitor.py -p /dev/cu.wchusbserial59450742091 -b 115200 --toolchain-prefix xtensa-esp32-elf- --target esp32 --revision 0 /Users/tallesrocha/Desktop/sempreiot-new/broadcast-prototype/build/broadcast-prototype.elf /Users/tallesrocha/Desktop/sempreiot-new/broadcast-prototype/build/bootloader/bootloader.elf -m '/Users/tallesrocha/.espressif/tools/python/v5.5.2/venv/bin/python3' '/Users/tallesrocha/.espressif/v5.5.2/esp-idf/tools/idf.py'
ets Jul 29 2019 12:21:46

rst:0x1 (POWERON_RESET),boot:0x13 (SPI_FAST_FLASH_BOOT)
configsip: 0, SPIWP:0xee
clk_drv:0x00,q_drv:0x00,d_drv:0x00,cs0_drv:0x00,hd_drv:0x00,wp_drv:0x00
mode:DIO, clock div:2
load:0x3fff0030,len:6384
load:0x40078000,len:15916
load:0x40080400,len:3920
entry 0x40080644
[0;32mI (27) boot: ESP-IDF v5.5.2-dirty 2nd stage bootloader[0m
[0;32mI (27) boot: compile time Feb  1 2026 17:26:11[0m
[0;32mI (28) boot: Multicore bootloader[0m
[0;32mI (29) boot: chip revision: v3.1[0m
[0;32mI (32) boot.esp32: SPI Speed      : 40MHz[0m
[0;32mI (36) boot.esp32: SPI Mode       : DIO[0m
[0;32mI (39) boot.esp32: SPI Flash Size : 2MB[0m
[0;32mI (43) boot: Enabling RNG early entropy source...[0m
[0;32mI (47) boot: Partition Table:[0m
[0;32mI (50) boot: ## Label            Usage          Type ST Offset   Length[0m
[0;32mI (56) boot:  0 nvs              WiFi data        01 02 00009000 00006000[0m
[0;32mI (63) boot:  1 phy_init         RF data          01 01 0000f000 00001000[0m
[0;32mI (69) boot:  2 factory          factory app      00 00 00010000 00100000[0m
[0;32mI (76) boot: End of partition table[0m
[0;32mI (79) esp_image: segment 0: paddr=00010020 vaddr=3f400020 size=1879ch (100252) map[0m
[0;32mI (121) esp_image: segment 1: paddr=000287c4 vaddr=3ffb0000 size=03f24h ( 16164) load[0m
[0;32mI (127) esp_image: segment 2: paddr=0002c6f0 vaddr=40080000 size=03928h ( 14632) load[0m
[0;32mI (133) esp_image: segment 3: paddr=00030020 vaddr=400d0020 size=7eebch (519868) map[0m
[0;32mI (311) esp_image: segment 4: paddr=000aeee4 vaddr=40083928 size=14618h ( 83480) load[0m
[0;32mI (344) esp_image: segment 5: paddr=000c3504 vaddr=50000000 size=00020h (    32) load[0m
[0;32mI (356) boot: Loaded app from partition at offset 0x10000[0m
[0;32mI (356) boot: Disabling RNG early entropy source...[0m
[0;32mI (366) cpu_start: Multicore app[0m
[0;32mI (374) cpu_start: GPIO 3 and 1 are used as console UART I/O pins[0m
[0;32mI (375) cpu_start: Pro cpu start user code[0m
[0;32mI (375) cpu_start: cpu freq: 160000000 Hz[0m
[0;32mI (377) app_init: Application information:[0m
[0;32mI (380) app_init: Project name:     broadcast-prototype[0m
[0;32mI (385) app_init: App version:      1[0m
[0;32mI (389) app_init: Compile time:     Feb  1 2026 17:26:06[0m
[0;32mI (394) app_init: ELF file SHA256:  24f611aec...[0m
[0;32mI (398) app_init: ESP-IDF:          v5.5.2-dirty[0m
[0;32mI (402) efuse_init: Min chip rev:     v0.0[0m
[0;32mI (406) efuse_init: Max chip rev:     v3.99 [0m
[0;32mI (410) efuse_init: Chip rev:         v3.1[0m
[0;32mI (414) heap_init: Initializing. RAM available for dynamic allocation:[0m
[0;32mI (420) heap_init: At 3FFAE6E0 len 00001920 (6 KiB): DRAM[0m
[0;32mI (425) heap_init: At 3FFB86B8 len 00027948 (158 KiB): DRAM[0m
[0;32mI (431) heap_init: At 3FFE0440 len 00003AE0 (14 KiB): D/IRAM[0m
[0;32mI (436) heap_init: At 3FFE4350 len 0001BCB0 (111 KiB): D/IRAM[0m
[0;32mI (442) heap_init: At 40097F40 len 000080C0 (32 KiB): IRAM[0m
[0;32mI (448) spi_flash: detected chip: generic[0m
[0;32mI (451) spi_flash: flash io: dio[0m
[0;33mW (453) spi_flash: Detected size(4096k) larger than the size in the binary image header(2048k). Using the size in the binary image header.[0m
[0;32mI (467) main_task: Started on CPU0[0m
[0;32mI (477) main_task: Calling app_main()[0m
[0;32mI (517) wifi:wifi driver task: 3ffc05e8, prio:23, stack:6656, core=0[0m
[0;32mI (527) wifi:wifi firmware version: ee91c8c[0m
[0;32mI (527) wifi:wifi certification version: v7.0[0m
[0;32mI (527) wifi:config NVS flash: enabled[0m
[0;32mI (537) wifi:config nano formatting: disabled[0m
[0;32mI (537) wifi:Init data frame dynamic rx buffer num: 32[0m
[0;32mI (537) wifi:Init static rx mgmt buffer num: 5[0m
[0;32mI (547) wifi:Init management short buffer num: 32[0m
[0;32mI (547) wifi:Init dynamic tx buffer num: 32[0m
[0;32mI (557) wifi:Init static rx buffer size: 1600[0m
[0;32mI (557) wifi:Init static rx buffer num: 10[0m
[0;32mI (557) wifi:Init dynamic rx buffer num: 32[0m
[0;32mI (567) wifi_init: rx ba win: 6[0m
[0;32mI (567) wifi_init: accept mbox: 6[0m
[0;32mI (567) wifi_init: tcpip mbox: 32[0m
[0;32mI (577) wifi_init: udp mbox: 6[0m
[0;32mI (577) wifi_init: tcp mbox: 6[0m
[0;32mI (577) wifi_init: tcp tx win: 5760[0m
[0;32mI (587) wifi_init: tcp rx win: 5760[0m
[0;32mI (587) wifi_init: tcp mss: 1440[0m
[0;32mI (587) wifi_init: WiFi IRAM OP enabled[0m
[0;32mI (597) wifi_init: WiFi RX IRAM OP enabled[0m
[0;32mI (597) phy_init: phy_version 4863,a3a4459,Oct 28 2025,14:30:06[0m
[0;32mI (677) wifi:mode : sta (00:4b:12:2d:f7:8c)[0m
[0;32mI (677) wifi:enable tsf[0m
[0;32mI (677) ESPNOW: espnow [version: 2.0] init[0m
[0;32mI (687) ESP_NOW_MESH: ESP-NOW MESH READY[0m
[0;32mI (687) main_task: Returned from app_main()[0m
[1;31mE (857) FreeRTOS: FreeRTOS Task "rx" should not return, Aborting now![0m

abort() was called at PC 0x4008975f on core 1


Backtrace: 0x40088af1:0x3ffc8230 0x40088ab9:0x3ffc8250 0x400908d9:0x3ffc8270 0x4008975f:0x3ffc82e0




ELF file SHA256: 24f611aec

Rebooting...
ets Jul 29 2019 12:21:46

rst:0xc (SW_CPU_RESET),boot:0x13 (SPI_FAST_FLASH_BOOT)
configsip: 0, SPIWP:0xee
clk_drv:0x00,q_drv:0x00,d_drv:0x00,cs0_drv:0x00,hd_drv:0x00,wp_drv:0x00
mode:DIO, clock div:2
load:0x3fff0030,len:6384
load:0x40078000,len:15916
load:0x40080400,len:3920
entry 0x40080644
[0;32mI (27) boot: ESP-IDF v5.5.2-dirty 2nd stage bootloader[0m
[0;32mI (27) boot: compile time Feb  1 2026 17:26:11[0m
[0;32mI (27) boot: Multicore bootloader[0m
[0;32mI (29) boot: chip revision: v3.1[0m
[0;32mI (32) boot.esp32: SPI Speed      : 40MHz[0m
[0;32mI (36) boot.esp32: SPI Mode       : DIO[0m
[0;32mI (39) boot.esp32: SPI Flash Size : 2MB[0m
[0;32mI (43) boot: Enabling RNG early entropy source...[0m
[0;32mI (47) boot: Partition Table:[0m
[0;32mI (50) boot: ## Label            Usage          Type ST Offset   Length[0m
[0;32mI (56) boot:  0 nvs              WiFi data        01 02 00009000 00006000[0m
[0;32mI (63) boot:  1 phy_init         RF data          01 01 0000f000 00001000[0m
[0;32mI (69) boot:  2 factory          factory app      00 00 00010000 00100000[0m
[0;32mI (76) boot: End of partition table[0m
[0;32mI (79) esp_image: segment 0: paddr=00010020 vaddr=3f400020 size=1879ch (100252) map[0m
[0;32mI (121) esp_image: segment 1: paddr=000287c4 vaddr=3ffb0000 size=03f24h ( 16164) load[0m
[0;32mI (127) esp_image: segment 2: paddr=0002c6f0 vaddr=40080000 size=03928h ( 14632) load[0m
[0;32mI (133) esp_image: segment 3: paddr=00030020 vaddr=400d0020 size=7eebch (519868) map[0m
[0;32mI (311) esp_image: segment 4: paddr=000aeee4 vaddr=40083928 size=14618h ( 83480) load[0m
[0;32mI (344) esp_image: segment 5: paddr=000c3504 vaddr=50000000 size=00020h (    32) load[0m
[0;32mI (356) boot: Loaded app from partition at offset 0x10000[0m
[0;32mI (356) boot: Disabling RNG early entropy source...[0m
[0;32mI (366) cpu_start: Multicore app[0m
[0;32mI (374) cpu_start: GPIO 3 and 1 are used as console UART I/O pins[0m
[0;32mI (374) cpu_start: Pro cpu start user code[0m
[0;32mI (375) cpu_start: cpu freq: 160000000 Hz[0m
[0;32mI (376) app_init: Application information:[0m
[0;32mI (380) app_init: Project name:     broadcast-prototype[0m
[0;32mI (385) app_init: App version:      1[0m
[0;32mI (388) app_init: Compile time:     Feb  1 2026 17:26:06[0m
[0;32mI (394) app_init: ELF file SHA256:  24f611aec...[0m
[0;32mI (398) app_init: ESP-IDF:          v5.5.2-dirty[0m
[0;32mI (402) efuse_init: Min chip rev:     v0.0[0m
[0;32mI (406) efuse_init: Max chip rev:     v3.99 [0m
[0;32mI (410) efuse_init: Chip rev:         v3.1[0m
[0;32mI (414) heap_init: Initializing. RAM available for dynamic allocation:[0m
[0;32mI (420) heap_init: At 3FFAE6E0 len 00001920 (6 KiB): DRAM[0m
[0;32mI (425) heap_init: At 3FFB86B8 len 00027948 (158 KiB): DRAM[0m
[0;32mI (431) heap_init: At 3FFE0440 len 00003AE0 (14 KiB): D/IRAM[0m
[0;32mI (436) heap_init: At 3FFE4350 len 0001BCB0 (111 KiB): D/IRAM[0m
[0;32mI (441) heap_init: At 40097F40 len 000080C0 (32 KiB): IRAM[0m
[0;32mI (448) spi_flash: detected chip: generic[0m
[0;32mI (450) spi_flash: flash io: dio[0m
[0;33mW (453) spi_flash: Detected size(4096k) larger than the size in the binary image header(2048k). Using the size in the binary image header.[0m
[0;32mI (466) main_task: Started on CPU0[0m
[0;32mI (476) main_task: Calling app_main()[0m
[0;32mI (516) wifi:wifi driver task: 3ffc05e8, prio:23, stack:6656, core=0[0m
[0;32mI (526) wifi:wifi firmware version: ee91c8c[0m
[0;32mI (526) wifi:wifi certification version: v7.0[0m
[0;32mI (526) wifi:config NVS flash: enabled[0m
[0;32mI (536) wifi:config nano formatting: disabled[0m
[0;32mI (536) wifi:Init data frame dynamic rx buffer num: 32[0m
[0;32mI (536) wifi:Init static rx mgmt buffer num: 5[0m
[0;32mI (546) wifi:Init management short buffer num: 32[0m
[0;32mI (546) wifi:Init dynamic tx buffer num: 32[0m
[0;32mI (556) wifi:Init static rx buffer size: 1600[0m
[0;32mI (556) wifi:Init static rx buffer num: 10[0m
[0;32mI (556) wifi:Init dynamic rx buffer num: 32[0m
[0;32mI (566) wifi_init: rx ba win: 6[0m
[0;32mI (566) wifi_init: accept mbox: 6[0m
[0;32mI (566) wifi_init: tcpip mbox: 32[0m
[0;32mI (576) wifi_init: udp mbox: 6[0m
[0;32mI (576) wifi_init: tcp mbox: 6[0m
[0;32mI (576) wifi_init: tcp tx win: 5760[0m
[0;32mI (586) wifi_init: tcp rx win: 5760[0m
[0;32mI (586) wifi_init: tcp mss: 1440[0m
[0;32mI (586) wifi_init: WiFi IRAM OP enabled[0m
[0;32mI (596) wifi_init: WiFi RX IRAM OP enabled[0m
[0;32mI (596) phy_init: phy_version 4863,a3a4459,Oct 28 2025,14:30:06[0m
[0;32mI (676) wifi:mode : sta (00:4b:12:2d:f7:8c)[0m
[0;32mI (676) wifi:enable tsf[0m
[0;32mI (676) ESPNOW: espnow [version: 2.0] init[0m
[0;32mI (686) ESP_NOW_MESH: ESP-NOW MESH READY[0m
[0;32mI (686) main_task: Returned from app_main()[0m
[1;31mE (1736) FreeRTOS: FreeRTOS Task "rx" should not return, Aborting now![0m

abort() was called at PC 0x4008975f on core 1


Backtrace: 0x40088af1:0x3ffc8230 0x40088ab9:0x3ffc8250 0x400908d9:0x3ffc8270 0x4008975f:0x3ffc82e0




ELF file SHA256: 24f611aec

Rebooting...
ets Jul 29 2019 12:21:46

rst:0xc (SW_CPU_RESET),boot:0x13 (SPI_FAST_FLASH_BOOT)
configsip: 0, SPIWP:0xee
clk_drv:0x00,q_drv:0x00,d_drv:0x00,cs0_drv:0x00,hd_drv:0x00,wp_drv:0x00
mode:DIO, clock div:2
load:0x3fff0030,len:6384
load:0x40078000,len:15916
load:0x40080400,len:3920
entry 0x40080644
[0;32mI (27) boot: ESP-IDF v5.5.2-dirty 2nd stage bootloader[0m
[0;32mI (27) boot: compile time Feb  1 2026 17:26:11[0m
[0;32mI (27) boot: Multicore bootloader[0m
[0;32mI (29) boot: chip revision: v3.1[0m
[0;32mI (32) boot.esp32: SPI Speed      : 40MHz[0m
[0;32mI (36) boot.esp32: SPI Mode       : DIO[0m
[0;32mI (39) boot.esp32: SPI Flash Size : 2MB[0m
[0;32mI (43) boot: Enabling RNG early entropy source...[0m
[0;32mI (47) boot: Partition Table:[0m
[0;32mI (50) boot: ## Label            Usage          Type ST Offset   Length[0m
[0;32mI (56) boot:  0 nvs              WiFi data        01 02 00009000 00006000[0m
[0;32mI (63) boot:  1 phy_init         RF data          01 01 0000f000 00001000[0m
[0;32mI (69) boot:  2 factory          factory app      00 00 00010000 00100000[0m
[0;32mI (76) boot: End of partition table[0m
[0;32mI (79) esp_image: segment 0: paddr=00010020 vaddr=3f400020 size=1879ch (100252) map[0m
[0;32mI (121) esp_image: segment 1: paddr=000287c4 vaddr=3ffb0000 size=03f24h ( 16164) load[0m
[0;32mI (127) esp_image: segment 2: paddr=0002c6f0 vaddr=40080000 size=03928h ( 14632) load[0m
[0;32mI (133) esp_image: segment 3: paddr=00030020 vaddr=400d0020 size=7eebch (519868) map[0m
[0;32mI (311) esp_image: segment 4: paddr=000aeee4 vaddr=40083928 size=14618h ( 83480) load[0m
[0;32mI (344) esp_image: segment 5: paddr=000c3504 vaddr=50000000 size=00020h (    32) load[0m
[0;32mI (356) boot: Loaded app from partition at offset 0x10000[0m
[0;32mI (356) boot: Disabling RNG early entropy source...[0m
[0;32mI (366) cpu_start: Multicore app[0m
[0;32mI (374) cpu_start: GPIO 3 and 1 are used as console UART I/O pins[0m
[0;32mI (374) cpu_start: Pro cpu start user code[0m
[0;32mI (375) cpu_start: cpu freq: 160000000 Hz[0m
[0;32mI (376) app_init: Application information:[0m
[0;32mI (380) app_init: Project name:     broadcast-prototype[0m
[0;32mI (385) app_init: App version:      1[0m
[0;32mI (388) app_init: Compile time:     Feb  1 2026 17:26:06[0m
[0;32mI (394) app_init: ELF file SHA256:  24f611aec...[0m
[0;32mI (398) app_init: ESP-IDF:          v5.5.2-dirty[0m
[0;32mI (402) efuse_init: Min chip rev:     v0.0[0m
[0;32mI (406) efuse_init: Max chip rev:     v3.99 [0m
[0;32mI (410) efuse_init: Chip rev:         v3.1[0m
[0;32mI (414) heap_init: Initializing. RAM available for dynamic allocation:[0m
[0;32mI (420) heap_init: At 3FFAE6E0 len 00001920 (6 KiB): DRAM[0m
[0;32mI (425) heap_init: At 3FFB86B8 len 00027948 (158 KiB): DRAM[0m
[0;32mI (431) heap_init: At 3FFE0440 len 00003AE0 (14 KiB): D/IRAM[0m
[0;32mI (436) heap_init: At 3FFE4350 len 0001BCB0 (111 KiB): D/IRAM[0m
[0;32mI (441) heap_init: At 40097F40 len 000080C0 (32 KiB): IRAM[0m
[0;32mI (448) spi_flash: detected chip: generic[0m
[0;32mI (450) spi_flash: flash io: dio[0m
[0;33mW (453) spi_flash: Detected size(4096k) larger than the size in the binary image header(2048k). Using the size in the binary image header.[0m
[0;32mI (466) main_task: Started on CPU0[0m
[0;32mI (476) main_task: Calling app_main()[0m
[0;32mI (516) wifi:wifi driver task: 3ffc05e8, prio:23, stack:6656, core=0[0m
[0;32mI (526) wifi:wifi firmware version: ee91c8c[0m
[0;32mI (526) wifi:wifi certification version: v7.0[0m
[0;32mI (526) wifi:config NVS flash: enabled[0m
[0;32mI (536) wifi:config nano formatting: disabled[0m
[0;32mI (536) wifi:Init data frame dynamic rx buffer num: 32[0m
[0;32mI (536) wifi:Init static rx mgmt buffer num: 5[0m
[0;32mI (546) wifi:Init management short buffer num: 32[0m
[0;32mI (546) wifi:Init dynamic tx buffer num: 32[0m
[0;32mI (556) wifi:Init static rx buffer size: 1600[0m
[0;32mI (556) wifi:Init static rx buffer num: 10[0m
[0;32mI (556) wifi:Init dynamic rx buffer num: 32[0m
[0;32mI (566) wifi_init: rx ba win: 6[0m
[0;32mI (566) wifi_init: accept mbox: 6[0m
[0;32mI (566) wifi_init: tcpip mbox: 32[0m
[0;32mI (576) wifi_init: udp mbox: 6[0m
[0;32mI (576) wifi_init: tcp mbox: 6[0m
[0;32mI (576) wifi_init: tcp tx win: 5760[0m
[0;32mI (586) wifi_init: tcp rx win: 5760[0m
[0;32mI (586) wifi_init: tcp mss: 1440[0m
[0;32mI (586) wifi_init: WiFi IRAM OP enabled[0m
[0;32mI (596) wifi_init: WiFi RX IRAM OP enabled[0m
[0;32mI (596) phy_init: phy_version 4863,a3a4459,Oct 28 2025,14:30:06[0m
[0;32mI (676) wifi:mode : sta (00:4b:12:2d:f7:8c)[0m
[0;32mI (676) wifi:enable tsf[0m
[0;32mI (676) ESPNOW: espnow [version: 2.0] init[0m
[0;32mI (686) ESP_NOW_MESH: ESP-NOW MESH READY[0m
[0;32mI (686) main_task: Returned from app_main()[0m
[1;31mE (1206) FreeRTOS: FreeRTOS Task "rx" should not return, Aborting now![0m

abort() was called at PC 0x4008975f on core 1


Backtrace: 0x40088af1:0x3ffc8230 0x40088ab9:0x3ffc8250 0x400908d9:0x3ffc8270 0x4008975f:0x3ffc82e0




ELF file SHA256: 24f611aec

Rebooting...
ets Jul 29 2019 12:21:46

rst:0xc (SW_CPU_RESET),boot:0x13 (SPI_FAST_FLASH_BOOT)
configsip: 0, SPIWP:0xee
clk_drv:0x00,q_drv:0x00,d_drv:0x00,cs0_drv:0x00,hd_drv:0x00,wp_drv:0x00
mode:DIO, clock div:2
load:0x3fff0030,len:6384
load:0x40078000,len:15916
load:0x40080400,len:3920
entry 0x40080644
[0;32mI (27) boot: ESP-IDF v5.5.2-dirty 2nd stage bootloader[0m
[0;32mI (27) boot: compile time Feb  1 2026 17:26:11[0m
[0;32mI (27) boot: Multicore bootloader[0m
[0;32mI (29) boot: chip revision: v3.1[0m
[0;32mI (32) boot.esp32: SPI Speed      : 40MHz[0m
[0;32mI (36) boot.esp32: SPI Mode       : DIO[0m
[0;32mI (39) boot.esp32: SPI Flash Size : 2MB[0m
[0;32mI (43) boot: Enabling RNG early entropy source...[0m
[0;32mI (47) boot: Partition Table:[0m
[0;32mI (50) boot: ## Label            Usage          Type ST Offset   Length[0m
[0;32mI (56) boot:  0 nvs              WiFi data        01 02 00009000 00006000[0m
[0;32mI (63) boot:  1 phy_init         RF data          01 01 0000f000 00001000[0m
[0;32mI (69) boot:  2 factory          factory app      00 00 00010000 00100000[0m
[0;32mI (76) boot: End of partition table[0m
[0;32mI (79) esp_image: segment 0: paddr=00010020 vaddr=3f400020 size=1879ch (100252) map[0m
[0;32mI (121) esp_image: segment 1: paddr=000287c4 vaddr=3ffb0000 size=03f24h ( 16164) load[0m
[0;32mI (127) esp_image: segment 2: paddr=0002c6f0 vaddr=40080000 size=03928h ( 14632) load[0m
[0;32mI (133) esp_image: segment 3: paddr=00030020 vaddr=400d0020 size=7eebch (519868) map[0m
[0;32mI (311) esp_image: segment 4: paddr=000aeee4 vaddr=40083928 size=14618h ( 83480) load[0m
[0;32mI (344) esp_image: segment 5: paddr=000c3504 vaddr=50000000 size=00020h (    32) load[0m
[0;32mI (356) boot: Loaded app from partition at offset 0x10000[0m
[0;32mI (356) boot: Disabling RNG early entropy source...[0m
[0;32mI (366) cpu_start: Multicore app[0m
[0;32mI (374) cpu_start: GPIO 3 and 1 are used as console UART I/O pins[0m
[0;32mI (374) cpu_start: Pro cpu start user code[0m
[0;32mI (375) cpu_start: cpu freq: 160000000 Hz[0m
[0;32mI (376) app_init: Application information:[0m
[0;32mI (380) app_init: Project name:     broadcast-prototype[0m
[0;32mI (385) app_init: App version:      1[0m
[0;32mI (388) app_init: Compile time:     Feb  1 2026 17:26:06[0m
[0;32mI (394) app_init: ELF file SHA256:  24f611aec...[0m
[0;32mI (398) app_init: ESP-IDF:          v5.5.2-dirty[0m
[0;32mI (402) efuse_init: Min chip rev:     v0.0[0m
[0;32mI (406) efuse_init: Max chip rev:     v3.99 [0m
[0;32mI (410) efuse_init: Chip rev:         v3.1[0m
[0;32mI (414) heap_init: Initializing. RAM available for dynamic allocation:[0m
[0;32mI (420) heap_init: At 3FFAE6E0 len 00001920 (6 KiB): DRAM[0m
[0;32mI (425) heap_init: At 3FFB86B8 len 00027948 (158 KiB): DRAM[0m
[0;32mI (431) heap_init: At 3FFE0440 len 00003AE0 (14 KiB): D/IRAM[0m
[0;32mI (436) heap_init: At 3FFE4350 len 0001BCB0 (111 KiB): D/IRAM[0m
[0;32mI (441) heap_init: At 40097F40 len 000080C0 (32 KiB): IRAM[0m
[0;32mI (448) spi_flash: detected chip: generic[0m
[0;32mI (450) spi_flash: flash io: dio[0m
[0;33mW (453) spi_flash: Detected size(4096k) larger than the size in the binary image header(2048k). Using the size in the binary image header.[0m
[0;32mI (466) main_task: Started on CPU0[0m
[0;32mI (476) main_task: Calling app_main()[0m
[0;32mI (516) wifi:wifi driver task: 3ffc05e8, prio:23, stack:6656, core=0[0m
[0;32mI (526) wifi:wifi firmware version: ee91c8c[0m
[0;32mI (526) wifi:wifi certification version: v7.0[0m
[0;32mI (526) wifi:config NVS flash: enabled[0m
[0;32mI (536) wifi:config nano formatting: disabled[0m
[0;32mI (536) wifi:Init data frame dynamic rx buffer num: 32[0m
[0;32mI (536) wifi:Init static rx mgmt buffer num: 5[0m
[0;32mI (546) wifi:Init management short buffer num: 32[0m
[0;32mI (546) wifi:Init dynamic tx buffer num: 32[0m
[0;32mI (556) wifi:Init static rx buffer size: 1600[0m
[0;32mI (556) wifi:Init static rx buffer num: 10[0m
[0;32mI (556) wifi:Init dynamic rx buffer num: 32[0m
[0;32mI (566) wifi_init: rx ba win: 6[0m
[0;32mI (566) wifi_init: accept mbox: 6[0m
[0;32mI (566) wifi_init: tcpip mbox: 32[0m
[0;32mI (576) wifi_init: udp mbox: 6[0m
[0;32mI (576) wifi_init: tcp mbox: 6[0m
[0;32mI (576) wifi_init: tcp tx win: 5760[0m
[0;32mI (586) wifi_init: tcp rx win: 5760[0m
[0;32mI (586) wifi_init: tcp mss: 1440[0m
[0;32mI (586) wifi_init: WiFi IRAM OP enabled[0m
[0;32mI (596) wifi_init: WiFi RX IRAM OP enabled[0m
[0;32mI (596) phy_init: phy_version 4863,a3a4459,Oct 28 2025,14:30:06[0m
[0;32mI (676) wifi:mode : sta (00:4b:12:2d:f7:8c)[0m
[0;32mI (676) wifi:enable tsf[0m
[0;32mI (676) ESPNOW: espnow [version: 2.0] init[0m
[0;32mI (676) ESP_NOW_MESH: ESP-NOW MESH READY[0m
[0;32mI (676) main_task: Returned from app_main()[0m
[1;31mE (1736) FreeRTOS: FreeRTOS Task "rx" should not return, Aborting now![0m

abort() was called at PC 0x4008975f on core 1


Backtrace: 0x40088af1:0x3ffc8230 0x40088ab9:0x3ffc8250 0x400908d9:0x3ffc8270 0x4008975f:0x3ffc82e0




ELF file SHA256: 24f611aec

Rebooting...
ets Jul 29 2019 12:21:46

rst:0xc (SW_CPU_RESET),boot:0x13 (SPI_FAST_FLASH_BOOT)
configsip: 0, SPIWP:0xee
clk_drv:0x00,q_drv:0x00,d_drv:0x00,cs0_drv:0x00,hd_drv:0x00,wp_drv:0x00
mode:DIO, clock div:2
load:0x3fff0030,len:6384
load:0x40078000,len:15916
load:0x40080400,len:3920
entry 0x40080644
[0;32mI (27) boot: ESP-IDF v5.5.2-dirty 2nd stage bootloader[0m
[0;32mI (27) boot: compile time Feb  1 2026 17:26:11[0m
[0;32mI (27) boot: Multicore bootloader[0m
[0;32mI (29) boot: chip revision: v3.1[0m
[0;32mI (32) boot.esp32: SPI Speed      : 40MHz[0m
[0;32mI (36) boot.esp32: SPI Mode       : DIO[0m
[0;32mI (39) boot.esp32: SPI Flash Size : 2MB[0m
[0;32mI (43) boot: Enabling RNG early entropy source...[0m
[0;32mI (47) boot: Partition Table:[0m
[0;32mI (50) boot: ## Label            Usage          Type ST Offset   Length[0m
[0;32mI (56) boot:  0 nvs              WiFi data        01 02 00009000 00006000[0m
[0;32mI (63) boot:  1 phy_init         RF data          01 01 0000f000 00001000[0m
[0;32mI (69) boot:  2 factory          factory app      00 00 00010000 00100000[0m
[0;32mI (76) boot: End of partition table[0m
[0;32mI (79) esp_image: segment 0: paddr=00010020 vaddr=3f400020 size=1879ch (100252) map[0m
[0;32mI (121) esp_image: segment 1: paddr=000287c4 vaddr=3ffb0000 size=03f24h ( 16164) load[0m
[0;32mI (127) esp_image: segment 2: paddr=0002c6f0 vaddr=40080000 size=03928h ( 14632) load[0m
[0;32mI (133) esp_image: segment 3: paddr=00030020 vaddr=400d0020 size=7eebch (519868) map[0m
[0;32mI (311) esp_image: segment 4: paddr=000aeee4 vaddr=40083928 size=14618h ( 83480) load[0m
[0;32mI (344) esp_image: segment 5: paddr=000c3504 vaddr=50000000 size=00020h (    32) load[0m
[0;32mI (356) boot: Loaded app from partition at offset 0x10000[0m
[0;32mI (356) boot: Disabling RNG early entropy source...[0m
[0;32mI (366) cpu_start: Multicore app[0m
[0;32mI (374) cpu_start: GPIO 3 and 1 are used as console UART I/O pins[0m
[0;32mI (374) cpu_start: Pro cpu start user code[0m
[0;32mI (375) cpu_start: cpu freq: 160000000 Hz[0m
[0;32mI (376) app_init: Application information:[0m
[0;32mI (380) app_init: Project name:     broadcast-prototype[0m
[0;32mI (385) app_init: App version:      1[0m
[0;32mI (388) app_init: Compile time:     Feb  1 2026 17:26:06[0m
[0;32mI (394) app_init: ELF file SHA256:  24f611aec...[0m
[0;32mI (398) app_init: ESP-IDF:          v5.5.2-dirty[0m
[0;32mI (402) efuse_init: Min chip rev:     v0.0[0m
[0;32mI (406) efuse_init: Max chip rev:     v3.99 [0m
[0;32mI (410) efuse_init: Chip rev:         v3.1[0m
[0;32mI (414) heap_init: Initializing. RAM available for dynamic allocation:[0m
[0;32mI (420) heap_init: At 3FFAE6E0 len 00001920 (6 KiB): DRAM[0m
[0;32mI (425) heap_init: At 3FFB86B8 len 00027948 (158 KiB): DRAM[0m
[0;32mI (431) heap_init: At 3FFE0440 len 00003AE0 (14 KiB): D/IRAM[0m
[0;32mI (436) heap_init: At 3FFE4350 len 0001BCB0 (111 KiB): D/IRAM[0m
[0;32mI (441) heap_init: At 40097F40 len 000080C0 (32 KiB): IRAM[0m
[0;32mI (448) spi_flash: detected chip: generic[0m
[0;32mI (450) spi_flash: flash io: dio[0m
[0;33mW (453) spi_flash: Detected size(4096k) larger than the size in the binary image header(2048k). Using the size in the binary image header.[0m
[0;32mI (466) main_task: Started on CPU0[0m
[0;32mI (476) main_task: Calling app_main()[0m
[0;32mI (516) wifi:wifi driver task: 3ffc05e8, prio:23, stack:6656, core=0[0m
[0;32mI (526) wifi:wifi firmware version: ee91c8c[0m
[0;32mI (526) wifi:wifi certification version: v7.0[0m
[0;32mI (526) wifi:config NVS flash: enabled[0m
[0;32mI (536) wifi:config nano formatting: disabled[0m
[0;32mI (536) wifi:Init data frame dynamic rx buffer num: 32[0m
[0;32mI (536) wifi:Init static rx mgmt buffer num: 5[0m
[0;32mI (546) wifi:Init management short buffer num: 32[0m
[0;32mI (546) wifi:Init dynamic tx buffer num: 32[0m
[0;32mI (556) wifi:Init static rx buffer size: 1600[0m
[0;32mI (556) wifi:Init static rx buffer num: 10[0m
[0;32mI (556) wifi:Init dynamic rx buffer num: 32[0m
[0;32mI (566) wifi_init: rx ba win: 6[0m
[0;32mI (566) wifi_init: accept mbox: 6[0m
[0;32mI (566) wifi_init: tcpip mbox: 32[0m
[0;32mI (576) wifi_init: udp mbox: 6[0m
[0;32mI (576) wifi_init: tcp mbox: 6[0m
[0;32mI (576) wifi_init: tcp tx win: 5760[0m
[0;32mI (586) wifi_init: tcp rx win: 5760[0m
[0;32mI (586) wifi_init: tcp mss: 1440[0m
[0;32mI (586) wifi_init: WiFi IRAM OP enabled[0m
[0;32mI (596) wifi_init: WiFi RX IRAM OP enabled[0m
[0;32mI (596) phy_init: phy_version 4863,a3a4459,Oct 28 2025,14:30:06[0m
[0;32mI (676) wifi:mode : sta (00:4b:12:2d:f7:8c)[0m
[0;32mI (676) wifi:enable tsf[0m
[0;32mI (676) ESPNOW: espnow [version: 2.0] init[0m
[0;32mI (676) ESP_NOW_MESH: ESP-NOW MESH READY[0m
[0;32mI (686) main_task: Returned from app_main()[0m
[1;31mE (1206) FreeRTOS: FreeRTOS Task "rx" should not return, Aborting now![0m

abort() was called at PC 0x4008975f on core 1


Backtrace: 0x40088af1:0x3ffc8230 0x40088ab9:0x3ffc8250 0x400908d9:0x3ffc8270 0x4008975f:0x3ffc82e0




ELF file SHA256: 24f611aec

Rebooting...
ets Jul 29 2019 12:21:46

rst:0xc (SW_CPU_RESET),boot:0x13 (SPI_FAST_FLASH_BOOT)
configsip: 0, SPIWP:0xee
clk_drv:0x00,q_drv:0x00,d_drv:0x00,cs0_drv:0x00,hd_drv:0x00,wp_drv:0x00
mode:DIO, clock div:2
load:0x3fff0030,len:6384
load:0x40078000,len:15916
load:0x40080400,len:3920
entry 0x40080644
[0;32mI (27) boot: ESP-IDF v5.5.2-dirty 2nd stage bootloader[0m
[0;32mI (27) boot: compile time Feb  1 2026 17:26:11[0m
[0;32mI (27) boot: Multicore bootloader[0m
[0;32mI (29) boot: chip revision: v3.1[0m
[0;32mI (32) boot.esp32: SPI Speed      : 40MHz[0m
[0;32mI (36) boot.esp32: SPI Mode       : DIO[0m
[0;32mI (39) boot.esp32: SPI Flash Size : 2MB[0m
[0;32mI (43) boot: Enabling RNG early entropy source...[0m
[0;32mI (47) boot: Partition Table:[0m
[0;32mI (50) boot: ## Label            Usage          Type ST Offset   Length[0m
[0;32mI (56) boot:  0 nvs              WiFi data        01 02 00009000 00006000[0m
[0;32mI (63) boot:  1 phy_init         RF data          01 01 0000f000 00001000[0m
[0;32mI (69) boot:  2 factory          factory app      00 00 00010000 00100000[0m
[0;32mI (76) boot: End of partition table[0m
[0;32mI (79) esp_image: segment 0: paddr=00010020 vaddr=3f400020 size=1879ch (100252) map[0m
[0;32mI (121) esp_image: segment 1: paddr=000287c4 vaddr=3ffb0000 size=03f24h ( 16164) load[0m
[0;32mI (127) esp_image: segment 2: paddr=0002c6f0 vaddr=40080000 size=03928h ( 14632) load[0m
[0;32mI (133) esp_image: segment 3: paddr=00030020 vaddr=400d0020 size=7eebch (519868) map[0m
[0;32mI (311) esp_image: segment 4: paddr=000aeee4 vaddr=40083928 size=14618h ( 83480) load[0m
[0;32mI (344) esp_image: segment 5: paddr=000c3504 vaddr=50000000 size=00020h (    32) load[0m
[0;32mI (356) boot: Loaded app from partition at offset 0x10000[0m
[0;32mI (356) boot: Disabling RNG early entropy source...[0m
[0;32mI (366) cpu_start: Multicore app[0m
[0;32mI (374) cpu_start: GPIO 3 and 1 are used as console UART I/O pins[0m
[0;32mI (374) cpu_start: Pro cpu start user code[0m
[0;32mI (375) cpu_start: cpu freq: 160000000 Hz[0m
[0;32mI (376) app_init: Application information:[0m
[0;32mI (380) app_init: Project name:     broadcast-prototype[0m
[0;32mI (385) app_init: App version:      1[0m
[0;32mI (388) app_init: Compile time:     Feb  1 2026 17:26:06[0m
[0;32mI (394) app_init: ELF file SHA256:  24f611aec...[0m
[0;32mI (398) app_init: ESP-IDF:          v5.5.2-dirty[0m
[0;32mI (402) efuse_init: Min chip rev:     v0.0[0m
[0;32mI (406) efuse_init: Max chip rev:     v3.99 [0m
[0;32mI (410) efuse_init: Chip rev:         v3.1[0m
[0;32mI (414) heap_init: Initializing. RAM available for dynamic allocation:[0m
[0;32mI (420) heap_init: At 3FFAE6E0 len 00001920 (6 KiB): DRAM[0m
[0;32mI (425) heap_init: At 3FFB86B8 len 00027948 (158 KiB): DRAM[0m
[0;32mI (431) heap_init: At 3FFE0440 len 00003AE0 (14 KiB): D/IRAM[0m
[0;32mI (436) heap_init: At 3FFE4350 len 0001BCB0 (111 KiB): D/IRAM[0m
[0;32mI (441) heap_init: At 40097F40 len 000080C0 (32 KiB): IRAM[0m
[0;32mI (448) spi_flash: detected chip: generic[0m
[0;32mI (450) spi_flash: flash io: dio[0m
[0;33mW (453) spi_flash: Detected size(4096k) larger than the size in the binary image header(2048k). Using the size in the binary image header.[0m
[0;32mI (466) main_task: Started on CPU0[0m
[0;32mI (476) main_task: Calling app_main()[0m
[0;32mI (516) wifi:wifi driver task: 3ffc05e8, prio:23, stack:6656, core=0[0m
[0;32mI (526) wifi:wifi firmware version: ee91c8c[0m
[0;32mI (526) wifi:wifi certification version: v7.0[0m
[0;32mI (526) wifi:config NVS flash: enabled[0m
[0;32mI (536) wifi:config nano formatting: disabled[0m
[0;32mI (536) wifi:Init data frame dynamic rx buffer num: 32[0m
[0;32mI (536) wifi:Init static rx mgmt buffer num: 5[0m
[0;32mI (546) wifi:Init management short buffer num: 32[0m
[0;32mI (546) wifi:Init dynamic tx buffer num: 32[0m
[0;32mI (556) wifi:Init static rx buffer size: 1600[0m
[0;32mI (556) wifi:Init static rx buffer num: 10[0m
[0;32mI (556) wifi:Init dynamic rx buffer num: 32[0m
[0;32mI (566) wifi_init: rx ba win: 6[0m
[0;32mI (566) wifi_init: accept mbox: 6[0m
[0;32mI (566) wifi_init: tcpip mbox: 32[0m
[0;32mI (576) wifi_init: udp mbox: 6[0m
[0;32mI (576) wifi_init: tcp mbox: 6[0m
[0;32mI (576) wifi_init: tcp tx win: 5760[0m
[0;32mI (586) wifi_init: tcp rx win: 5760[0m
[0;32mI (586) wifi_init: tcp mss: 1440[0m
[0;32mI (586) wifi_init: WiFi IRAM OP enabled[0m
[0;32mI (596) wifi_init: WiFi RX IRAM OP enabled[0m
[0;32mI (596) phy_init: phy_version 4863,a3a4459,Oct 28 2025,14:30:06[0m
[0;32mI (676) wifi:mode : sta (00:4b:12:2d:f7:8c)[0m
[0;32mI (676) wifi:enable tsf[0m
[0;32mI (676) ESPNOW: espnow [version: 2.0] init[0m
[0;32mI (676) ESP_NOW_MESH: ESP-NOW MESH READY[0m
[0;32mI (676) main_task: Returned from app_main()[0m
[1;31mE (1746) FreeRTOS: FreeRTOS Task "rx" should not return, Aborting now![0m

abort() was called at PC 0x4008975f on core 1


Backtrace: 0x40088af1:0x3ffc8230 0x40088ab9:0x3ffc8250 0x400908d9:0x3ffc8270 0x4008975f:0x3ffc82e0




ELF file SHA256: 24f611aec

Rebooting...
ets Jul 29 2019 12:21:46

rst:0xc (SW_CPU_RESET),boot:0x13 (SPI_FAST_FLASH_BOOT)
configsip: 0, SPIWP:0xee
clk_drv:0x00,q_drv:0x00,d_drv:0x00,cs0_drv:0x00,hd_drv:0x00,wp_drv:0x00
mode:DIO, clock div:2
load:0x3fff0030,len:6384
load:0x40078000,len:15916
load:0x40080400,len:3920
entry 0x40080644
[0;32mI (27) boot: ESP-IDF v5.5.2-dirty 2nd stage bootloader[0m
[0;32mI (27) boot: compile time Feb  1 2026 17:26:11[0m
[0;32mI (27) boot: Multicore bootloader[0m
[0;32mI (29) boot: chip revision: v3.1[0m
[0;32mI (32) boot.esp32: SPI Speed      : 40MHz[0m
[0;32mI (36) boot.esp32: SPI Mode       : DIO[0m
[0;32mI (39) boot.esp32: SPI Flash Size : 2MB[0m
[0;32mI (43) boot: Enabling RNG early entropy source...[0m
[0;32mI (47) boot: Partition Table:[0m
[0;32mI (50) boot: ## Label            Usage          Type ST Offset   Length[0m
[0;32mI (56) boot:  0 nvs              WiFi data        01 02 00009000 00006000[0m
[0;32mI (63) boot:  1 phy_init         RF data          01 01 0000f000 00001000[0m
[0;32mI (69) boot:  2 factory          factory app      00 00 00010000 00100000[0m
[0;32mI (76) boot: End of partition table[0m
[0;32mI (79) esp_image: segment 0: paddr=00010020 vaddr=3f400020 size=1879ch (100252) map[0m
[0;32mI (121) esp_image: segment 1: paddr=000287c4 vaddr=3ffb0000 size=03f24h ( 16164) load[0m
[0;32mI (127) esp_image: segment 2: paddr=0002c6f0 vaddr=40080000 size=03928h ( 14632) load[0m
[0;32mI (133) esp_image: segment 3: paddr=00030020 vaddr=400d0020 size=7eebch (519868) map[0m
[0;32mI (311) esp_image: segment 4: paddr=000aeee4 vaddr=40083928 size=14618h ( 83480) load[0m
[0;32mI (344) esp_image: segment 5: paddr=000c3504 vaddr=50000000 size=00020h (    32) load[0m
[0;32mI (356) boot: Loaded app from partition at offset 0x10000[0m
[0;32mI (356) boot: Disabling RNG early entropy source...[0m
[0;32mI (366) cpu_start: Multicore app[0m
[0;32mI (374) cpu_start: GPIO 3 and 1 are used as console UART I/O pins[0m
[0;32mI (374) cpu_start: Pro cpu start user code[0m
[0;32mI (375) cpu_start: cpu freq: 160000000 Hz[0m
[0;32mI (376) app_init: Application information:[0m
[0;32mI (380) app_init: Project name:     broadcast-prototype[0m
[0;32mI (385) app_init: App version:      1[0m
[0;32mI (388) app_init: Compile time:     Feb  1 2026 17:26:06[0m
[0;32mI (394) app_init: ELF file SHA256:  24f611aec...[0m
[0;32mI (398) app_init: ESP-IDF:          v5.5.2-dirty[0m
[0;32mI (402) efuse_init: Min chip rev:     v0.0[0m
[0;32mI (406) efuse_init: Max chip rev:     v3.99 [0m
[0;32mI (410) efuse_init: Chip rev:         v3.1[0m
[0;32mI (414) heap_init: Initializing. RAM available for dynamic allocation:[0m
[0;32mI (420) heap_init: At 3FFAE6E0 len 00001920 (6 KiB): DRAM[0m
[0;32mI (425) heap_init: At 3FFB86B8 len 00027948 (158 KiB): DRAM[0m
[0;32mI (431) heap_init: At 3FFE0440 len 00003AE0 (14 KiB): D/IRAM[0m
[0;32mI (436) heap_init: At 3FFE4350 len 0001BCB0 (111 KiB): D/IRAM[0m
[0;32mI (441) heap_init: At 40097F40 len 000080C0 (32 KiB): IRAM[0m
[0;32mI (448) spi_flash: detected chip: generic[0m
[0;32mI (450) spi_flash: flash io: dio[0m
[0;33mW (453) spi_flash: Detected size(4096k) larger than the size in the binary image header(2048k). Using the size in the binary image header.[0m
[0;32mI (466) main_task: Started on CPU0[0m
[0;32mI (476) main_task: Calling app_main()[0m
[0;32mI (516) wifi:wifi driver task: 3ffc05e8, prio:23, stack:6656, core=0[0m
[0;32mI (526) wifi:wifi firmware version: ee91c8c[0m
[0;32mI (526) wifi:wifi certification version: v7.0[0m
[0;32mI (526) wifi:config NVS flash: enabled[0m
[0;32mI (536) wifi:config nano formatting: disabled[0m
[0;32mI (536) wifi:Init data frame dynamic rx buffer num: 32[0m
[0;32mI (536) wifi:Init static rx mgmt buffer num: 5[0m
[0;32mI (546) wifi:Init management short buffer num: 32[0m
[0;32mI (546) wifi:Init dynamic tx buffer num: 32[0m
[0;32mI (556) wifi:Init static rx buffer size: 1600[0m
[0;32mI (556) wifi:Init static rx buffer num: 10[0m
[0;32mI (556) wifi:Init dynamic rx buffer num: 32[0m
[0;32mI (566) wifi_init: rx ba win: 6[0m
[0;32mI (566) wifi_init: accept mbox: 6[0m
[0;32mI (566) wifi_init: tcpip mbox: 32[0m
[0;32mI (576) wifi_init: udp mbox: 6[0m
[0;32mI (576) wifi_init: tcp mbox: 6[0m
[0;32mI (576) wifi_init: tcp tx win: 5760[0m
[0;32mI (586) wifi_init: tcp rx win: 5760[0m
[0;32mI (586) wifi_init: tcp mss: 1440[0m
[0;32mI (586) wifi_init: WiFi IRAM OP enabled[0m
[0;32mI (596) wifi_init: WiFi RX IRAM OP enabled[0m
[0;32mI (596) phy_init: phy_version 4863,a3a4459,Oct 28 2025,14:30:06[0m
[0;32mI (676) wifi:mode : sta (00:4b:12:2d:f7:8c)[0m
[0;32mI (676) wifi:enable tsf[0m
[0;32mI (676) ESPNOW: espnow [version: 2.0] init[0m
[0;32mI (686) ESP_NOW_MESH: ESP-NOW MESH READY[0m
[0;32mI (686) main_task: Returned from app_main()[0m
[1;31mE (1196) FreeRTOS: FreeRTOS Task "rx" should not return, Aborting now![0m

abort() was called at PC 0x4008975f on core 1


Backtrace: 0x40088af1:0x3ffc8230 0x40088ab9:0x3ffc8250 0x400908d9:0x3ffc8270 0x4008975f:0x3ffc82e0




ELF file SHA256: 24f611aec

Rebooting...
ets Jul 29 2019 12:21:46

rst:0xc (SW_CPU_RESET),boot:0x13 (SPI_FAST_FLASH_BOOT)
configsip: 0, SPIWP:0xee
clk_drv:0x00,q_drv:0x00,d_drv:0x00,cs0_drv:0x00,hd_drv:0x00,wp_drv:0x00
mode:DIO, clock div:2
load:0x3fff0030,len:6384
load:0x40078000,len:15916
load:0x40080400,len:3920
entry 0x40080644
[0;32mI (27) boot: ESP-IDF v5.5.2-dirty 2nd stage bootloader[0m
[0;32mI (27) boot: compile time Feb  1 2026 17:26:11[0m
[0;32mI (27) boot: Multicore bootloader[0m
[0;32mI (29) boot: chip revision: v3.1[0m
[0;32mI (32) boot.esp32: SPI Speed      : 40MHz[0m
[0;32mI (36) boot.esp32: SPI Mode       : DIO[0m
[0;32mI (39) boot.esp32: SPI Flash Size : 2MB[0m
[0;32mI (43) boot: Enabling RNG early entropy source...[0m
[0;32mI (47) boot: Partition Table:[0m
[0;32mI (50) boot: ## Label            Usage          Type ST Offset   Length[0m
[0;32mI (56) boot:  0 nvs              WiFi data        01 02 00009000 00006000[0m
[0;32mI (63) boot:  1 phy_init         RF data          01 01 0000f000 00001000[0m
[0;32mI (69) boot:  2 factory          factory app      00 00 00010000 00100000[0m
[0;32mI (76) boot: End of partition table[0m
[0;32mI (79) esp_image: segment 0: paddr=00010020 vaddr=3f400020 size=1879ch (100252) map[0m
[0;32mI (121) esp_image: segment 1: paddr=000287c4 vaddr=3ffb0000 size=03f24h ( 16164) load[0m
[0;32mI (127) esp_image: segment 2: paddr=0002c6f0 vaddr=40080000 size=03928h ( 14632) load[0m
[0;32mI (133) esp_image: segment 3: paddr=00030020 vaddr=400d0020 size=7eebch (519868) map[0m
[0;32mI (311) esp_image: segment 4: paddr=000aeee4 vaddr=40083928 size=14618h ( 83480) load[0m
[0;32mI (344) esp_image: segment 5: paddr=000c3504 vaddr=50000000 size=00020h (    32) load[0m
[0;32mI (356) boot: Loaded app from partition at offset 0x10000[0m
[0;32mI (356) boot: Disabling RNG early entropy source...[0m
[0;32mI (366) cpu_start: Multicore app[0m
[0;32mI (374) cpu_start: GPIO 3 and 1 are used as console UART I/O pins[0m
[0;32mI (374) cpu_start: Pro cpu start user code[0m
[0;32mI (375) cpu_start: cpu freq: 160000000 Hz[0m
[0;32mI (376) app_init: Application information:[0m
[0;32mI (380) app_init: Project name:     broadcast-prototype[0m
[0;32mI (385) app_init: App version:      1[0m
[0;32mI (388) app_init: Compile time:     Feb  1 2026 17:26:06[0m
[0;32mI (394) app_init: ELF file SHA256:  24f611aec...[0m
[0;32mI (398) app_init: ESP-IDF:          v5.5.2-dirty[0m
[0;32mI (402) efuse_init: Min chip rev:     v0.0[0m
[0;32mI (406) efuse_init: Max chip rev:     v3.99 [0m
[0;32mI (410) efuse_init: Chip rev:         v3.1[0m
[0;32mI (414) heap_init: Initializing. RAM available for dynamic allocation:[0m
[0;32mI (420) heap_init: At 3FFAE6E0 len 00001920 (6 KiB): DRAM[0m
[0;32mI (425) heap_init: At 3FFB86B8 len 00027948 (158 KiB): DRAM[0m
[0;32mI (430) heap_init: At 3FFE0440 len 00003AE0 (14 KiB): D/IRAM[0m
[0;32mI (436) heap_init: At 3FFE4350 len 0001BCB0 (111 KiB): D/IRAM[0m
[0;32mI (441) heap_init: At 40097F40 len 000080C0 (32 KiB): IRAM[0m
[0;32mI (448) spi_flash: detected chip: generic[0m
[0;32mI (450) spi_flash: flash io: dio[0m
[0;33mW (453) spi_flash: Detected size(4096k) larger than the size in the binary image header(2048k). Using the size in the binary image header.[0m
[0;32mI (466) main_task: Started on CPU0[0m
[0;32mI (476) main_task: Calling app_main()[0m
[0;32mI (516) wifi:wifi driver task: 3ffc05e8, prio:23, stack:6656, core=0[0m
[0;32mI (526) wifi:wifi firmware version: ee91c8c[0m
[0;32mI (526) wifi:wifi certification version: v7.0[0m
[0;32mI (526) wifi:config NVS flash: enabled[0m
[0;32mI (536) wifi:config nano formatting: disabled[0m
[0;32mI (536) wifi:Init data frame dynamic rx buffer num: 32[0m
[0;32mI (536) wifi:Init static rx mgmt buffer num: 5[0m
[0;32mI (546) wifi:Init management short buffer num: 32[0m
[0;32mI (546) wifi:Init dynamic tx buffer num: 32[0m
[0;32mI (556) wifi:Init static rx buffer size: 1600[0m
[0;32mI (556) wifi:Init static rx buffer num: 10[0m
[0;32mI (556) wifi:Init dynamic rx buffer num: 32[0m
[0;32mI (566) wifi_init: rx ba win: 6[0m
[0;32mI (566) wifi_init: accept mbox: 6[0m
[0;32mI (566) wifi_init: tcpip mbox: 32[0m
[0;32mI (576) wifi_init: udp mbox: 6[0m
[0;32mI (576) wifi_init: tcp mbox: 6[0m
[0;32mI (576) wifi_init: tcp tx win: 5760[0m
[0;32mI (586) wifi_init: tcp rx win: 5760[0m
[0;32mI (586) wifi_init: tcp mss: 1440[0m
[0;32mI (586) wifi_init: WiFi IRAM OP enabled[0m
[0;32mI (596) wifi_init: WiFi RX IRAM OP enabled[0m
[0;32mI (596) phy_init: phy_version 4863,a3a4459,Oct 28 2025,14:30:06[0m
[0;32mI (676) wifi:mode : sta (00:4b:12:2d:f7:8c)[0m
[0;32mI (676) wifi:enable tsf[0m
[0;32mI (676) ESPNOW: espnow [version: 2.0] init[0m
[0;32mI (676) ESP_NOW_MESH: ESP-NOW MESH READY[0m
[0;32mI (676) main_task: Returned from app_main()[0m
[1;31mE (1736) FreeRTOS: FreeRTOS Task "rx" should not return, Aborting now![0m

abort() was called at PC 0x4008975f on core 1


Backtrace: 0x40088af1:0x3ffc8230 0x40088ab9:0x3ffc8250 0x400908d9:0x3ffc8270 0x4008975f:0x3ffc82e0




ELF file SHA256: 24f611aec

Rebooting...
ets Jul 29 2019 12:21:46

rst:0xc (SW_CPU_RESET),boot:0x13 (SPI_FAST_FLASH_BOOT)
configsip: 0, SPIWP:0xee
clk_drv:0x00,q_drv:0x00,d_drv:0x00,cs0_drv:0x00,hd_drv:0x00,wp_drv:0x00
mode:DIO, clock div:2
load:0x3fff0030,len:6384
load:0x40078000,len:15916
load:0x40080400,len:3920
entry 0x40080644
[0;32mI (27) boot: ESP-IDF v5.5.2-dirty 2nd stage bootloader[0m
[0;32mI (27) boot: compile time Feb  1 2026 17:26:11[0m
[0;32mI (27) boot: Multicore bootloader[0m
[0;32mI (29) boot: chip revision: v3.1[0m
[0;32mI (32) boot.esp32: SPI Speed      : 40MHz[0m
[0;32mI (36) boot.esp32: SPI Mode       : DIO[0m
[0;32mI (39) boot.esp32: SPI Flash Size : 2MB[0m
[0;32mI (43) boot: Enabling RNG early entropy source...[0m
[0;32mI (47) boot: Partition Table:[0m
[0;32mI (50) boot: ## Label            Usage          Type ST Offset   Length[0m
[0;32mI (56) boot:  0 nvs              WiFi data        01 02 00009000 00006000[0m
[0;32mI (63) boot:  1 phy_init         RF data          01 01 0000f000 00001000[0m
[0;32mI (69) boot:  2 factory          factory app      00 00 00010000 00100000[0m
[0;32mI (76) boot: End of partition table[0m
[0;32mI (79) esp_image: segment 0: paddr=00010020 vaddr=3f400020 size=1879ch (100252) map[0m
[0;32mI (121) esp_image: segment 1: paddr=000287c4 vaddr=3ffb0000 size=03f24h ( 16164) load[0m
[0;32mI (127) esp_image: segment 2: paddr=0002c6f0 vaddr=40080000 size=03928h ( 14632) load[0m
[0;32mI (133) esp_image: segment 3: paddr=00030020 vaddr=400d0020 size=7eebch (519868) map[0m
[0;32mI (311) esp_image: segment 4: paddr=000aeee4 vaddr=40083928 size=14618h ( 83480) load[0m
[0;32mI (344) esp_image: segment 5: paddr=000c3504 vaddr=50000000 size=00020h (    32) load[0m
[0;32mI (356) boot: Loaded app from partition at offset 0x10000[0m
[0;32mI (356) boot: Disabling RNG early entropy source...[0m
[0;32mI (366) cpu_start: Multicore app[0m
[0;32mI (374) cpu_start: GPIO 3 and 1 are used as console UART I/O pins[0m
[0;32mI (374) cpu_start: Pro cpu start user code[0m
[0;32mI (375) cpu_start: cpu freq: 160000000 Hz[0m
[0;32mI (376) app_init: Application information:[0m
[0;32mI (380) app_init: Project name:     broadcast-prototype[0m
[0;32mI (385) app_init: App version:      1[0m
[0;32mI (388) app_init: Compile time:     Feb  1 2026 17:26:06[0m
[0;32mI (394) app_init: ELF file SHA256:  24f611aec...[0m
[0;32mI (398) app_init: ESP-IDF:          v5.5.2-dirty[0m
[0;32mI (402) efuse_init: Min chip rev:     v0.0[0m
[0;32mI (406) efuse_init: Max chip rev:     v3.99 [0m
[0;32mI (410) efuse_init: Chip rev:         v3.1[0m
[0;32mI (414) heap_init: Initializing. RAM available for dynamic allocation:[0m
[0;32mI (420) heap_init: At 3FFAE6E0 len 00001920 (6 KiB): DRAM[0m
[0;32mI (425) heap_init: At 3FFB86B8 len 00027948 (158 KiB): DRAM[0m
[0;32mI (430) heap_init: At 3FFE0440 len 00003AE0 (14 KiB): D/IRAM[0m
[0;32mI (436) heap_init: At 3FFE4350 len 0001BCB0 (111 KiB): D/IRAM[0m
[0;32mI (441) heap_init: At 40097F40 len 000080C0 (32 KiB): IRAM[0m
[0;32mI (448) spi_flash: detected chip: generic[0m
[0;32mI (450) spi_flash: flash io: dio[0m
[0;33mW (453) spi_flash: Detected size(4096k) larger than the size in the binary image header(2048k). Using the size in the binary image header.[0m
[0;32mI (466) main_task: Started on CPU0[0m
[0;32mI (476) main_task: Calling app_main()[0m
[0;32mI (516) wifi:wifi driver task: 3ffc05e8, prio:23, stack:6656, core=0[0m
[0;32mI (526) wifi:wifi firmware version: ee91c8c[0m
[0;32mI (526) wifi:wifi certification version: v7.0[0m
[0;32mI (526) wifi:config NVS flash: enabled[0m
[0;32mI (536) wifi:config nano formatting: disabled[0m
[0;32mI (536) wifi:Init data frame dynamic rx buffer num: 32[0m
[0;32mI (536) wifi:Init static rx mgmt buffer num: 5[0m
[0;32mI (546) wifi:Init management short buffer num: 32[0m
[0;32mI (546) wifi:Init dynamic tx buffer num: 32[0m
[0;32mI (556) wifi:Init static rx buffer size: 1600[0m
[0;32mI (556) wifi:Init static rx buffer num: 10[0m
[0;32mI (556) wifi:Init dynamic rx buffer num: 32[0m
[0;32mI (566) wifi_init: rx ba win: 6[0m
[0;32mI (566) wifi_init: accept mbox: 6[0m
[0;32mI (566) wifi_init: tcpip mbox: 32[0m
[0;32mI (576) wifi_init: udp mbox: 6[0m
[0;32mI (576) wifi_init: tcp mbox: 6[0m
[0;32mI (576) wifi_init: tcp tx win: 5760[0m
[0;32mI (586) wifi_init: tcp rx win: 5760[0m
[0;32mI (586) wifi_init: tcp mss: 1440[0m
[0;32mI (586) wifi_init: WiFi IRAM OP enabled[0m
[0;32mI (596) wifi_init: WiFi RX IRAM OP enabled[0m
[0;32mI (596) phy_init: phy_version 4863,a3a4459,Oct 28 2025,14:30:06[0m
[0;32mI (676) wifi:mode : sta (00:4b:12:2d:f7:8c)[0m
[0;32mI (676) wifi:enable tsf[0m
[0;32mI (676) ESPNOW: espnow [version: 2.0] init[0m
[0;32mI (676) ESP_NOW_MESH: ESP-NOW MESH READY[0m
[0;32mI (676) main_task: Returned from app_main()[0m
[1;31mE (1196) FreeRTOS: FreeRTOS Task "rx" should not return, Aborting now![0m

abort() was called at PC 0x4008975f on core 1


Backtrace: 0x40088af1:0x3ffc8230 0x40088ab9:0x3ffc8250 0x400908d9:0x3ffc8270 0x4008975f:0x3ffc82e0




ELF file SHA256: 24f611aec

Rebooting...
ets Jul 29 2019 12:21:46

rst:0xc (SW_CPU_RESET),boot:0x13 (SPI_FAST_FLASH_BOOT)
configsip: 0, SPIWP:0xee
clk_drv:0x00,q_drv:0x00,d_drv:0x00,cs0_drv:0x00,hd_drv:0x00,wp_drv:0x00
mode:DIO, clock div:2
load:0x3fff0030,len:6384
load:0x40078000,len:15916
load:0x40080400,len:3920
entry 0x40080644
[0;32mI (27) boot: ESP-IDF v5.5.2-dirty 2nd stage bootloader[0m
[0;32mI (27) boot: compile time Feb  1 2026 17:26:11[0m
[0;32mI (27) boot: Multicore bootloader[0m
[0;32mI (29) boot: chip revision: v3.1[0m
[0;32mI (32) boot.esp32: SPI Speed      : 40MHz[0m
[0;32mI (36) boot.esp32: SPI Mode       : DIO[0m
[0;32mI (39) boot.esp32: SPI Flash Size : 2MB[0m
[0;32mI (43) boot: Enabling RNG early entropy source...[0m
[0;32mI (47) boot: Partition Table:[0m
[0;32mI (50) boot: ## Label            Usage          Type ST Offset   Length[0m
[0;32mI (56) boot:  0 nvs              WiFi data        01 02 00009000 00006000[0m
[0;32mI (63) boot:  1 phy_init         RF data          01 01 0000f000 00001000[0m
[0;32mI (69) boot:  2 factory          factory app      00 00 00010000 00100000[0m
[0;32mI (76) boot: End of partition table[0m
[0;32mI (79) esp_image: segment 0: paddr=00010020 vaddr=3f400020 size=1879ch (100252) map[0m
[0;32mI (121) esp_image: segment 1: paddr=000287c4 vaddr=3ffb0000 size=03f24h ( 16164) load[0m
[0;32mI (127) esp_image: segment 2: paddr=0002c6f0 vaddr=40080000 size=03928h ( 14632) load[0m
[0;32mI (133) esp_image: segment 3: paddr=00030020 vaddr=400d0020 size=7eebch (519868) map[0m
[0;32mI (311) esp_image: segment 4: paddr=000aeee4 vaddr=40083928 size=14618h ( 83480) load[0m
[0;32mI (344) esp_image: segment 5: paddr=000c3504 vaddr=50000000 size=00020h (    32) load[0m
[0;32mI (356) boot: Loaded app from partition at offset 0x10000[0m
[0;32mI (356) boot: Disabling RNG early entropy source...[0m
[0;32mI (366) cpu_start: Multicore app[0m
[0;32mI (374) cpu_start: GPIO 3 and 1 are used as console UART I/O pins[0m
[0;32mI (374) cpu_start: Pro cpu start user code[0m
[0;32mI (375) cpu_start: cpu freq: 160000000 Hz[0m
[0;32mI (376) app_init: Application information:[0m
[0;32mI (380) app_init: Project name:     broadcast-prototype[0m
[0;32mI (385) app_init: App version:      1[0m
[0;32mI (388) app_init: Compile time:     Feb  1 2026 17:26:06[0m
[0;32mI (394) app_init: ELF file SHA256:  24f611aec...[0m
[0;32mI (398) app_init: ESP-IDF:          v5.5.2-dirty[0m
[0;32mI (402) efuse_init: Min chip rev:     v0.0[0m
[0;32mI (406) efuse_init: Max chip rev:     v3.99 [0m
[0;32mI (410) efuse_init: Chip rev:         v3.1[0m
[0;32mI (414) heap_init: Initializing. RAM available for dynamic allocation:[0m
[0;32mI (420) heap_init: At 3FFAE6E0 len 00001920 (6 KiB): DRAM[0m
[0;32mI (425) heap_init: At 3FFB86B8 len 00027948 (158 KiB): DRAM[0m
[0;32mI (431) heap_init: At 3FFE0440 len 00003AE0 (14 KiB): D/IRAM[0m
[0;32mI (436) heap_init: At 3FFE4350 len 0001BCB0 (111 KiB): D/IRAM[0m
[0;32mI (441) heap_init: At 40097F40 len 000080C0 (32 KiB): IRAM[0m
[0;32mI (448) spi_flash: detected chip: generic[0m
[0;32mI (450) spi_flash: flash io: dio[0m
[0;33mW (453) spi_flash: Detected size(4096k) larger than the size in the binary image header(2048k). Using the size in the binary image header.[0m
[0;32mI (466) main_task: Started on CPU0[0m
[0;32mI (476) main_task: Calling app_main()[0m
[0;32mI (516) wifi:wifi driver task: 3ffc05e8, prio:23, stack:6656, core=0[0m
[0;32mI (526) wifi:wifi firmware version: ee91c8c[0m
[0;32mI (526) wifi:wifi certification version: v7.0[0m
[0;32mI (526) wifi:config NVS flash: enabled[0m
[0;32mI (536) wifi:config nano formatting: disabled[0m
[0;32mI (536) wifi:Init data frame dynamic rx buffer num: 32[0m
[0;32mI (536) wifi:Init static rx mgmt buffer num: 5[0m
[0;32mI (546) wifi:Init management short buffer num: 32[0m
[0;32mI (546) wifi:Init dynamic tx buffer num: 32[0m
[0;32mI (556) wifi:Init static rx buffer size: 1600[0m
[0;32mI (556) wifi:Init static rx buffer num: 10[0m
[0;32mI (556) wifi:Init dynamic rx buffer num: 32[0m
[0;32mI (566) wifi_init: rx ba win: 6[0m
[0;32mI (566) wifi_init: accept mbox: 6[0m
[0;32mI (566) wifi_init: tcpip mbox: 32[0m
[0;32mI (576) wifi_init: udp mbox: 6[0m
[0;32mI (576) wifi_init: tcp mbox: 6[0m
[0;32mI (576) wifi_init: tcp tx win: 5760[0m
[0;32mI (586) wifi_init: tcp rx win: 5760[0m
[0;32mI (586) wifi_init: tcp mss: 1440[0m
[0;32mI (586) wifi_init: WiFi IRAM OP enabled[0m
[0;32mI (596) wifi_init: WiFi RX IRAM OP enabled[0m
[0;32mI (596) phy_init: phy_version 4863,a3a4459,Oct 28 2025,14:30:06[0m
[0;32mI (676) wifi:mode : sta (00:4b:12:2d:f7:8c)[0m
[0;32mI (676) wifi:enable tsf[0m
[0;32mI (676) ESPNOW: espnow [version: 2.0] init[0m
[0;32mI (686) ESP_NOW_MESH: ESP-NOW MESH READY[0m
[0;32mI (686) main_task: Returned from app_main()[0m
[1;31mE (1746) FreeRTOS: FreeRTOS Task "rx" should not return, Aborting now![0m

abort() was called at PC 0x4008975f on core 1


Backtrace: 0x40088af1:0x3ffc8230 0x40088ab9:0x3ffc8250 0x400908d9:0x3ffc8270 0x4008975f:0x3ffc82e0




ELF file SHA256: 24f611aec

Rebooting...
ets Jul 29 2019 12:21:46

rst:0xc (SW_CPU_RESET),boot:0x13 (SPI_FAST_FLASH_BOOT)
configsip: 0, SPIWP:0xee
clk_drv:0x00,q_drv:0x00,d_drv:0x00,cs0_drv:0x00,hd_drv:0x00,wp_drv:0x00
mode:DIO, clock div:2
load:0x3fff0030,len:6384
load:0x40078000,len:15916
load:0x40080400,len:3920
entry 0x40080644
[0;32mI (27) boot: ESP-IDF v5.5.2-dirty 2nd stage bootloader[0m
[0;32mI (27) boot: compile time Feb  1 2026 17:26:11[0m
[0;32mI (27) boot: Multicore bootloader[0m
[0;32mI (29) boot: chip revision: v3.1[0m
[0;32mI (32) boot.esp32: SPI Speed      : 40MHz[0m
[0;32mI (36) boot.esp32: SPI Mode       : DIO[0m
[0;32mI (39) boot.esp32: SPI Flash Size : 2MB[0m
[0;32mI (43) boot: Enabling RNG early entropy source...[0m
[0;32mI (47) boot: Partition Table:[0m
[0;32mI (50) boot: ## Label            Usage          Type ST Offset   Length[0m
[0;32mI (56) boot:  0 nvs              WiFi data        01 02 00009000 00006000[0m
[0;32mI (63) boot:  1 phy_init         RF data          01 01 0000f000 00001000[0m
[0;32mI (69) boot:  2 factory          factory app      00 00 00010000 00100000[0m
[0;32mI (76) boot: End of partition table[0m
[0;32mI (79) esp_image: segment 0: paddr=00010020 vaddr=3f400020 size=1879ch (100252) map[0m
[0;32mI (121) esp_image: segment 1: paddr=000287c4 vaddr=3ffb0000 size=03f24h ( 16164) load[0m
[0;32mI (127) esp_image: segment 2: paddr=0002c6f0 vaddr=40080000 size=03928h ( 14632) load[0m
[0;32mI (133) esp_image: segment 3: paddr=00030020 vaddr=400d0020 size=7eebch (519868) map[0m
[0;32mI (311) esp_image: segment 4: paddr=000aeee4 vaddr=40083928 size=14618h ( 83480) load[0m
[0;32mI (344) esp_image: segment 5: paddr=000c3504 vaddr=50000000 size=00020h (    32) load[0m
[0;32mI (356) boot: Loaded app from partition at offset 0x10000[0m
[0;32mI (356) boot: Disabling RNG early entropy source...[0m
[0;32mI (366) cpu_start: Multicore app[0m
[0;32mI (374) cpu_start: GPIO 3 and 1 are used as console UART I/O pins[0m
[0;32mI (374) cpu_start: Pro cpu start user code[0m
[0;32mI (375) cpu_start: cpu freq: 160000000 Hz[0m
[0;32mI (376) app_init: Application information:[0m
[0;32mI (380) app_init: Project name:     broadcast-prototype[0m
[0;32mI (385) app_init: App version:      1[0m
[0;32mI (388) app_init: Compile time:     Feb  1 2026 17:26:06[0m
[0;32mI (394) app_init: ELF file SHA256:  24f611aec...[0m
[0;32mI (398) app_init: ESP-IDF:          v5.5.2-dirty[0m
[0;32mI (402) efuse_init: Min chip rev:     v0.0[0m
[0;32mI (406) efuse_init: Max chip rev:     v3.99 [0m
[0;32mI (410) efuse_init: Chip rev:         v3.1[0m
[0;32mI (414) heap_init: Initializing. RAM available for dynamic allocation:[0m
[0;32mI (420) heap_init: At 3FFAE6E0 len 00001920 (6 KiB): DRAM[0m
[0;32mI (425) heap_init: At 3FFB86B8 len 00027948 (158 KiB): DRAM[0m
[0;32mI (431) heap_init: At 3FFE0440 len 00003AE0 (14 KiB): D/IRAM[0m
[0;32mI (436) heap_init: At 3FFE4350 len 0001BCB0 (111 KiB): D/IRAM[0m
[0;32mI (441) heap_init: At 40097F40 len 000080C0 (32 KiB): IRAM[0m
[0;32mI (448) spi_flash: detected chip: generic[0m
[0;32mI (450) spi_flash: flash io: dio[0m
[0;33mW (453) spi_flash: Detected size(4096k) larger than the size in the binary image header(2048k). Using the size in the binary image header.[0m
[0;32mI (466) main_task: Started on CPU0[0m
[0;32mI (476) main_task: Calling app_main()[0m
[0;32mI (516) wifi:wifi driver task: 3ffc05e8, prio:23, stack:6656, core=0[0m
[0;32mI (526) wifi:wifi firmware version: ee91c8c[0m
[0;32mI (526) wifi:wifi certification version: v7.0[0m
[0;32mI (526) wifi:config NVS flash: enabled[0m
[0;32mI (536) wifi:config nano formatting: disabled[0m
[0;32mI (536) wifi:Init data frame dynamic rx buffer num: 32[0m
[0;32mI (536) wifi:Init static rx mgmt buffer num: 5[0m
[0;32mI (546) wifi:Init management short buffer num: 32[0m
[0;32mI (546) wifi:Init dynamic tx buffer num: 32[0m
[0;32mI (556) wifi:Init static rx buffer size: 1600[0m
[0;32mI (556) wifi:Init static rx buffer num: 10[0m
[0;32mI (556) wifi:Init dynamic rx buffer num: 32[0m
[0;32mI (566) wifi_init: rx ba win: 6[0m
[0;32mI (566) wifi_init: accept mbox: 6[0m
[0;32mI (566) wifi_init: tcpip mbox: 32[0m
[0;32mI (576) wifi_init: udp mbox: 6[0m
[0;32mI (576) wifi_init: tcp mbox: 6[0m
[0;32mI (576) wifi_init: tcp tx win: 5760[0m
[0;32mI (586) wifi_init: tcp rx win: 5760[0m
[0;32mI (586) wifi_init: tcp mss: 1440[0m
[0;32mI (586) wifi_init: WiFi IRAM OP enabled[0m
[0;32mI (596) wifi_init: WiFi RX IRAM OP enabled[0m
[0;32mI (596) phy_init: phy_version 4863,a3a4459,Oct 28 2025,14:30:06[0m
[0;32mI (676) wifi:mode : sta (00:4b:12:2d:f7:8c)[0m
[0;32mI (676) wifi:enable tsf[0m
[0;32mI (676) ESPNOW: espnow [version: 2.0] init[0m
[0;32mI (686) ESP_NOW_MESH: ESP-NOW MESH READY[0m
[0;32mI (686) main_task: Returned from app_main()[0m
[1;31mE (1196) FreeRTOS: FreeRTOS Task "rx" should not return, Aborting now![0m

abort() was called at PC 0x4008975f on core 1


Backtrace: 0x40088af1:0x3ffc8230 0x40088ab9:0x3ffc8250 0x400908d9:0x3ffc8270 0x4008975f:0x3ffc82e0




ELF file SHA256: 24f611aec

Rebooting...
ets Jul 29 2019 12:21:46

rst:0xc (SW_CPU_RESET),boot:0x13 (SPI_FAST_FLASH_BOOT)
configsip: 0, SPIWP:0xee
clk_drv:0x00,q_drv:0x00,d_drv:0x00,cs0_drv:0x00,hd_drv:0x00,wp_drv:0x00
mode:DIO, clock div:2
load:0x3fff0030,len:6384
load:0x40078000,len:15916
load:0x40080400,len:3920
entry 0x40080644
[0;32mI (27) boot: ESP-IDF v5.5.2-dirty 2nd stage bootloader[0m
[0;32mI (27) boot: compile time Feb  1 2026 17:26:11[0m
[0;32mI (27) boot: Multicore bootloader[0m
[0;32mI (29) boot: chip revision: v3.1[0m
[0;32mI (32) boot.esp32: SPI Speed      : 40MHz[0m
[0;32mI (36) boot.esp32: SPI Mode       : DIO[0m
[0;32mI (39) boot.esp32: SPI Flash Size : 2MB[0m
[0;32mI (43) boot: Enabling RNG early entropy source...[0m
[0;32mI (47) boot: Partition Table:[0m
[0;32mI (50) boot: ## Label            Usage          Type ST Offset   Length[0m
[0;32mI (56) boot:  0 nvs              WiFi data        01 02 00009000 00006000[0m
[0;32mI (63) boot:  1 phy_init         RF data          01 01 0000f000 00001000[0m
[0;32mI (69) boot:  2 factory          factory app      00 00 00010000 00100000[0m
[0;32mI (76) boot: End of partition table[0m
[0;32mI (79) esp_image: segment 0: paddr=00010020 vaddr=3f400020 size=1879ch (100252) map[0m
[0;32mI (121) esp_image: segment 1: paddr=000287c4 vaddr=3ffb0000 size=03f24h ( 16164) load[0m
[0;32mI (127) esp_image: segment 2: paddr=0002c6f0 vaddr=40080000 size=03928h ( 14632) load[0m
[0;32mI (133) esp_image: segment 3: paddr=00030020 vaddr=400d0020 size=7eebch (519868) map[0m
[0;32mI (311) esp_image: segment 4: paddr=000aeee4 vaddr=40083928 size=14618h ( 83480) load[0m
[0;32mI (344) esp_image: segment 5: paddr=000c3504 vaddr=50000000 size=00020h (    32) load[0m
[0;32mI (356) boot: Loaded app from partition at offset 0x10000[0m
[0;32mI (356) boot: Disabling RNG early entropy source...[0m
[0;32mI (366) cpu_start: Multicore app[0m
[0;32mI (374) cpu_start: GPIO 3 and 1 are used as console UART I/O pins[0m
[0;32mI (374) cpu_start: Pro cpu start user code[0m
[0;32mI (375) cpu_start: cpu freq: 160000000 Hz[0m
[0;32mI (376) app_init: Application information:[0m
[0;32mI (380) app_init: Project name:     broadcast-prototype[0m
[0;32mI (385) app_init: App version:      1[0m
[0;32mI (388) app_init: Compile time:     Feb  1 2026 17:26:06[0m
[0;32mI (394) app_init: ELF file SHA256:  24f611aec...[0m
[0;32mI (398) app_init: ESP-IDF:          v5.5.2-dirty[0m
[0;32mI (402) efuse_init: Min chip rev:     v0.0[0m
[0;32mI (406) efuse_init: Max chip rev:     v3.99 [0m
[0;32mI (410) efuse_init: Chip rev:         v3.1[0m
[0;32mI (414) heap_init: Initializing. RAM available for dynamic allocation:[0m
[0;32mI (420) heap_init: At 3FFAE6E0 len 00001920 (6 KiB): DRAM[0m
[0;32mI (425) heap_init: At 3FFB86B8 len 00027948 (158 KiB): DRAM[0m
[0;32mI (431) heap_init: At 3FFE0440 len 00003AE0 (14 KiB): D/IRAM[0m
[0;32mI (436) heap_init: At 3FFE4350 len 0001BCB0 (111 KiB): D/IRAM[0m
[0;32mI (441) heap_init: At 40097F40 len 000080C0 (32 KiB): IRAM[0m
[0;32mI (448) spi_flash: detected chip: generic[0m
[0;32mI (450) spi_flash: flash io: dio[0m
[0;33mW (453) spi_flash: Detected size(4096k) larger than the size in the binary image header(2048k). Using the size in the binary image header.[0m
[0;32mI (466) main_task: Started on CPU0[0m
[0;32mI (476) main_task: Calling app_main()[0m
[0;32mI (516) wifi:wifi driver task: 3ffc05e8, prio:23, stack:6656, core=0[0m
[0;32mI (526) wifi:wifi firmware version: ee91c8c[0m
[0;32mI (526) wifi:wifi certification version: v7.0[0m
[0;32mI (526) wifi:config NVS flash: enabled[0m
[0;32mI (536) wifi:config nano formatting: disabled[0m
[0;32mI (536) wifi:Init data frame dynamic rx buffer num: 32[0m
[0;32mI (536) wifi:Init static rx mgmt buffer num: 5[0m
[0;32mI (546) wifi:Init management short buffer num: 32[0m
[0;32mI (546) wifi:Init dynamic tx buffer num: 32[0m
[0;32mI (556) wifi:Init static rx buffer size: 1600[0m
[0;32mI (556) wifi:Init static rx buffer num: 10[0m
[0;32mI (556) wifi:Init dynamic rx buffer num: 32[0m
[0;32mI (566) wifi_init: rx ba win: 6[0m
[0;32mI (566) wifi_init: accept mbox: 6[0m
[0;32mI (566) wifi_init: tcpip mbox: 32[0m
[0;32mI (576) wifi_init: udp mbox: 6[0m
[0;32mI (576) wifi_init: tcp mbox: 6[0m
[0;32mI (576) wifi_init: tcp tx win: 5760[0m
[0;32mI (586) wifi_init: tcp rx win: 5760[0m
[0;32mI (586) wifi_init: tcp mss: 1440[0m
[0;32mI (586) wifi_init: WiFi IRAM OP enabled[0m
[0;32mI (596) wifi_init: WiFi RX IRAM OP enabled[0m
[0;32mI (596) phy_init: phy_version 4863,a3a4459,Oct 28 2025,14:30:06[0m
[0;32mI (676) wifi:mode : sta (00:4b:12:2d:f7:8c)[0m
[0;32mI (676) wifi:enable tsf[0m
[0;32mI (676) ESPNOW: espnow [version: 2.0] init[0m
[0;32mI (686) ESP_NOW_MESH: ESP-NOW MESH READY[0m
[0;32mI (686) main_task: Returned from app_main()[0m
[1;31mE (1736) FreeRTOS: FreeRTOS Task "rx" should not return, Aborting now![0m

abort() was called at PC 0x4008975f on core 1


Backtrace: 0x40088af1:0x3ffc8230 0x40088ab9:0x3ffc8250 0x400908d9:0x3ffc8270 0x4008975f:0x3ffc82e0




ELF file SHA256: 24f611aec

Rebooting...
ets Jul 29 2019 12:21:46

rst:0xc (SW_CPU_RESET),boot:0x13 (SPI_FAST_FLASH_BOOT)
configsip: 0, SPIWP:0xee
clk_drv:0x00,q_drv:0x00,d_drv:0x00,cs0_drv:0x00,hd_drv:0x00,wp_drv:0x00
mode:DIO, clock div:2
load:0x3fff0030,len:6384
load:0x40078000,len:15916
load:0x40080400,len:3920
entry 0x40080644
[0;32mI (27) boot: ESP-IDF v5.5.2-dirty 2nd stage bootloader[0m
[0;32mI (27) boot: compile time Feb  1 2026 17:26:11[0m
[0;32mI (27) boot: Multicore bootloader[0m
[0;32mI (29) boot: chip revision: v3.1[0m
[0;32mI (32) boot.esp32: SPI Speed      : 40MHz[0m
[0;32mI (36) boot.esp32: SPI Mode       : DIO[0m
[0;32mI (39) boot.esp32: SPI Flash Size : 2MB[0m
[0;32mI (43) boot: Enabling RNG early entropy source...[0m
[0;32mI (47) boot: Partition Table:[0m
[0;32mI (50) boot: ## Label            Usage          Type ST Offset   Length[0m
[0;32mI (56) boot:  0 nvs              WiFi data        01 02 00009000 00006000[0m
[0;32mI (63) boot:  1 phy_init         RF data          01 01 0000f000 00001000[0m
[0;32mI (69) boot:  2 factory          factory app      00 00 00010000 00100000[0m
[0;32mI (76) boot: End of partition table[0m
[0;32mI (79) esp_image: segment 0: paddr=00010020 vaddr=3f400020 size=1879ch (100252) map[0m
[0;32mI (121) esp_image: segment 1: paddr=000287c4 vaddr=3ffb0000 size=03f24h ( 16164) load[0m
[0;32mI (127) esp_image: segment 2: paddr=0002c6f0 vaddr=40080000 size=03928h ( 14632) load[0m
[0;32mI (133) esp_image: segment 3: paddr=00030020 vaddr=400d0020 size=7eebch (519868) map[0m
[0;32mI (311) esp_image: segment 4: paddr=000aeee4 vaddr=40083928 size=14618h ( 83480) load[0m
[0;32mI (344) esp_image: segment 5: paddr=000c3504 vaddr=50000000 size=00020h (    32) load[0m
[0;32mI (356) boot: Loaded app from partition at offset 0x10000[0m
[0;32mI (356) boot: Disabling RNG early entropy source...[0m
[0;32mI (366) cpu_start: Multicore app[0m
[0;32mI (374) cpu_start: GPIO 3 and 1 are used as console UART I/O pins[0m
[0;32mI (374) cpu_start: Pro cpu start user code[0m
[0;32mI (375) cpu_start: cpu freq: 160000000 Hz[0m
[0;32mI (376) app_init: Application information:[0m
[0;32mI (380) app_init: Project name:     broadcast-prototype[0m
[0;32mI (385) app_init: App version:      1[0m
[0;32mI (388) app_init: Compile time:     Feb  1 2026 17:26:06[0m
[0;32mI (394) app_init: ELF file SHA256:  24f611aec...[0m
[0;32mI (398) app_init: ESP-IDF:          v5.5.2-dirty[0m
[0;32mI (402) efuse_init: Min chip rev:     v0.0[0m
[0;32mI (406) efuse_init: Max chip rev:     v3.99 [0m
[0;32mI (410) efuse_init: Chip rev:         v3.1[0m
[0;32mI (414) heap_init: Initializing. RAM available for dynamic allocation:[0m
[0;32mI (420) heap_init: At 3FFAE6E0 len 00001920 (6 KiB): DRAM[0m
[0;32mI (425) heap_init: At 3FFB86B8 len 00027948 (158 KiB): DRAM[0m
[0;32mI (431) heap_init: At 3FFE0440 len 00003AE0 (14 KiB): D/IRAM[0m
[0;32mI (436) heap_init: At 3FFE4350 len 0001BCB0 (111 KiB): D/IRAM[0m
[0;32mI (441) heap_init: At 40097F40 len 000080C0 (32 KiB): IRAM[0m
[0;32mI (448) spi_flash: detected chip: generic[0m
[0;32mI (450) spi_flash: flash io: dio[0m
[0;33mW (453) spi_flash: Detected size(4096k) larger than the size in the binary image header(2048k). Using the size in the binary image header.[0m
[0;32mI (466) main_task: Started on CPU0[0m
[0;32mI (476) main_task: Calling app_main()[0m
[0;32mI (516) wifi:wifi driver task: 3ffc05e8, prio:23, stack:6656, core=0[0m
[0;32mI (526) wifi:wifi firmware version: ee91c8c[0m
[0;32mI (526) wifi:wifi certification version: v7.0[0m
[0;32mI (526) wifi:config NVS flash: enabled[0m
[0;32mI (536) wifi:config nano formatting: disabled[0m
[0;32mI (536) wifi:Init data frame dynamic rx buffer num: 32[0m
[0;32mI (536) wifi:Init static rx mgmt buffer num: 5[0m
[0;32mI (546) wifi:Init management short buffer num: 32[0m
[0;32mI (546) wifi:Init dynamic tx buffer num: 32[0m
[0;32mI (556) wifi:Init static rx buffer size: 1600[0m
[0;32mI (556) wifi:Init static rx buffer num: 10[0m
[0;32mI (556) wifi:Init dynamic rx buffer num: 32[0m
[0;32mI (566) wifi_init: rx ba win: 6[0m
[0;32mI (566) wifi_init: accept mbox: 6[0m
[0;32mI (566) wifi_init: tcpip mbox: 32[0m
[0;32mI (576) wifi_init: udp mbox: 6[0m
[0;32mI (576) wifi_init: tcp mbox: 6[0m
[0;32mI (576) wifi_init: tcp tx win: 5760[0m
[0;32mI (586) wifi_init: tcp rx win: 5760[0m
[0;32mI (586) wifi_init: tcp mss: 1440[0m
[0;32mI (586) wifi_init: WiFi IRAM OP enabled[0m
[0;32mI (596) wifi_init: WiFi RX IRAM OP enabled[0m
[0;32mI (596) phy_init: phy_version 4863,a3a4459,Oct 28 2025,14:30:06[0m
[0;32mI (676) wifi:mode : sta (00:4b:12:2d:f7:8c)[0m
[0;32mI (676) wifi:enable tsf[0m
[0;32mI (676) ESPNOW: espnow [version: 2.0] init[0m
[0;32mI (686) ESP_NOW_MESH: ESP-NOW MESH READY[0m
[0;32mI (686) main_task: Returned from app_main()[0m
[1;31mE (1196) FreeRTOS: FreeRTOS Task "rx" should not return, Aborting now![0m

abort() was called at PC 0x4008975f on core 1


Backtrace: 0x40088af1:0x3ffc8230 0x40088ab9:0x3ffc8250 0x400908d9:0x3ffc8270 0x4008975f:0x3ffc82e0




ELF file SHA256: 24f611aec

Rebooting...
ets Jul 29 2019 12:21:46

rst:0xc (SW_CPU_RESET),boot:0x13 (SPI_FAST_FLASH_BOOT)
configsip: 0, SPIWP:0xee
clk_drv:0x00,q_drv:0x00,d_drv:0x00,cs0_drv:0x00,hd_drv:0x00,wp_drv:0x00
mode:DIO, clock div:2
load:0x3fff0030,len:6384
load:0x40078000,len:15916
load:0x40080400,len:3920
entry 0x40080644
[0;32mI (27) boot: ESP-IDF v5.5.2-dirty 2nd stage bootloader[0m
[0;32mI (27) boot: compile time Feb  1 2026 17:26:11[0m
[0;32mI (27) boot: Multicore bootloader[0m
[0;32mI (29) boot: chip revision: v3.1[0m
[0;32mI (32) boot.esp32: SPI Speed      : 40MHz[0m
[0;32mI (36) boot.esp32: SPI Mode       : DIO[0m
[0;32mI (39) boot.esp32: SPI Flash Size : 2MB[0m
[0;32mI (43) boot: Enabling RNG early entropy source...[0m
[0;32mI (47) boot: Partition Table:[0m
[0;32mI (50) boot: ## Label            Usage          Type ST Offset   Length[0m
[0;32mI (56) boot:  0 nvs              WiFi data        01 02 00009000 00006000[0m
[0;32mI (63) boot:  1 phy_init         RF data          01 01 0000f000 00001000[0m
[0;32mI (69) boot:  2 factory          factory app      00 00 00010000 00100000[0m
[0;32mI (76) boot: End of partition table[0m
[0;32mI (79) esp_image: segment 0: paddr=00010020 vaddr=3f400020 size=1879ch (100252) map[0m
[0;32mI (121) esp_image: segment 1: paddr=000287c4 vaddr=3ffb0000 size=03f24h ( 16164) load[0m
[0;32mI (127) esp_image: segment 2: paddr=0002c6f0 vaddr=40080000 size=03928h ( 14632) load[0m
[0;32mI (133) esp_image: segment 3: paddr=00030020 vaddr=400d0020 size=7eebch (519868) map[0m
[0;32mI (311) esp_image: segment 4: paddr=000aeee4 vaddr=40083928 size=14618h ( 83480) load[0m
[0;32mI (344) esp_image: segment 5: paddr=000c3504 vaddr=50000000 size=00020h (    32) load[0m
[0;32mI (356) boot: Loaded app from partition at offset 0x10000[0m
[0;32mI (356) boot: Disabling RNG early entropy source...[0m
[0;32mI (366) cpu_start: Multicore app[0m
[0;32mI (374) cpu_start: GPIO 3 and 1 are used as console UART I/O pins[0m
[0;32mI (374) cpu_start: Pro cpu start user code[0m
[0;32mI (375) cpu_start: cpu freq: 160000000 Hz[0m
[0;32mI (376) app_init: Application information:[0m
[0;32mI (380) app_init: Project name:     broadcast-prototype[0m
[0;32mI (385) app_init: App version:      1[0m
[0;32mI (388) app_init: Compile time:     Feb  1 2026 17:26:06[0m
[0;32mI (394) app_init: ELF file SHA256:  24f611aec...[0m
[0;32mI (398) app_init: ESP-IDF:          v5.5.2-dirty[0m
[0;32mI (402) efuse_init: Min chip rev:     v0.0[0m
[0;32mI (406) efuse_init: Max chip rev:     v3.99 [0m
[0;32mI (410) efuse_init: Chip rev:         v3.1[0m
[0;32mI (414) heap_init: Initializing. RAM available for dynamic allocation:[0m
[0;32mI (420) heap_init: At 3FFAE6E0 len 00001920 (6 KiB): DRAM[0m
[0;32mI (425) heap_init: At 3FFB86B8 len 00027948 (158 KiB): DRAM[0m
[0;32mI (431) heap_init: At 3FFE0440 len 00003AE0 (14 KiB): D/IRAM[0m
[0;32mI (436) heap_init: At 3FFE4350 len 0001BCB0 (111 KiB): D/IRAM[0m
[0;32mI (441) heap_init: At 40097F40 len 000080C0 (32 KiB): IRAM[0m
[0;32mI (448) spi_flash: detected chip: generic[0m
[0;32mI (450) spi_flash: flash io: dio[0m
[0;33mW (453) spi_flash: Detected size(4096k) larger than the size in the binary image header(2048k). Using the size in the binary image header.[0m
[0;32mI (466) main_task: Started on CPU0[0m
[0;32mI (476) main_task: Calling app_main()[0m
[0;32mI (516) wifi:wifi driver task: 3ffc05e8, prio:23, stack:6656, core=0[0m
[0;32mI (526) wifi:wifi firmware version: ee91c8c[0m
[0;32mI (526) wifi:wifi certification version: v7.0[0m
[0;32mI (526) wifi:config NVS flash: enabled[0m
[0;32mI (536) wifi:config nano formatting: disabled[0m
[0;32mI (536) wifi:Init data frame dynamic rx buffer num: 32[0m
[0;32mI (536) wifi:Init static rx mgmt buffer num: 5[0m
[0;32mI (546) wifi:Init management short buffer num: 32[0m
[0;32mI (546) wifi:Init dynamic tx buffer num: 32[0m
[0;32mI (556) wifi:Init static rx buffer size: 1600[0m
[0;32mI (556) wifi:Init static rx buffer num: 10[0m
[0;32mI (556) wifi:Init dynamic rx buffer num: 32[0m
[0;32mI (566) wifi_init: rx ba win: 6[0m
[0;32mI (566) wifi_init: accept mbox: 6[0m
[0;32mI (566) wifi_init: tcpip mbox: 32[0m
[0;32mI (576) wifi_init: udp mbox: 6[0m
[0;32mI (576) wifi_init: tcp mbox: 6[0m
[0;32mI (576) wifi_init: tcp tx win: 5760[0m
[0;32mI (586) wifi_init: tcp rx win: 5760[0m
[0;32mI (586) wifi_init: tcp mss: 1440[0m
[0;32mI (586) wifi_init: WiFi IRAM OP enabled[0m
[0;32mI (596) wifi_init: WiFi RX IRAM OP enabled[0m
[0;32mI (596) phy_init: phy_version 4863,a3a4459,Oct 28 2025,14:30:06[0m
[0;32mI (676) wifi:mode : sta (00:4b:12:2d:f7:8c)[0m
[0;32mI (676) wifi:enable tsf[0m
[0;32mI (676) ESPNOW: espnow [version: 2.0] init[0m
[0;32mI (686) ESP_NOW_MESH: ESP-NOW MESH READY[0m
[0;32mI (686) main_task: Returned from app_main()[0m
[1;31mE (1746) FreeRTOS: FreeRTOS Task "rx" should not return, Aborting now![0m

abort() was called at PC 0x4008975f on core 1


Backtrace: 0x40088af1:0x3ffc8230 0x40088ab9:0x3ffc8250 0x400908d9:0x3ffc8270 0x4008975f:0x3ffc82e0




ELF file SHA256: 24f611aec

Rebooting...
ets Jul 29 2019 12:21:46

rst:0xc (SW_CPU_RESET),boot:0x13 (SPI_FAST_FLASH_BOOT)
configsip: 0, SPIWP:0xee
clk_drv:0x00,q_drv:0x00,d_drv:0x00,cs0_drv:0x00,hd_drv:0x00,wp_drv:0x00
mode:DIO, clock div:2
load:0x3fff0030,len:6384
load:0x40078000,len:15916
load:0x40080400,len:3920
entry 0x40080644
[0;32mI (27) boot: ESP-IDF v5.5.2-dirty 2nd stage bootloader[0m
[0;32mI (27) boot: compile time Feb  1 2026 17:26:11[0m
[0;32mI (27) boot: Multicore bootloader[0m
[0;32mI (29) boot: chip revision: v3.1[0m
[0;32mI (32) boot.esp32: SPI Speed      : 40MHz[0m
[0;32mI (36) boot.esp32: SPI Mode       : DIO[0m
[0;32mI (39) boot.esp32: SPI Flash Size : 2MB[0m
[0;32mI (43) boot: Enabling RNG early entropy source...[0m
[0;32mI (47) boot: Partition Table:[0m
[0;32mI (50) boot: ## Label            Usage          Type ST Offset   Length[0m
[0;32mI (56) boot:  0 nvs              WiFi data        01 02 00009000 00006000[0m
[0;32mI (63) boot:  1 phy_init         RF data          01 01 0000f000 00001000[0m
[0;32mI (69) boot:  2 factory          factory app      00 00 00010000 00100000[0m
[0;32mI (76) boot: End of partition table[0m
[0;32mI (79) esp_image: segment 0: paddr=00010020 vaddr=3f400020 size=1879ch (100252) map[0m
[0;32mI (121) esp_image: segment 1: paddr=000287c4 vaddr=3ffb0000 size=03f24h ( 16164) load[0m
[0;32mI (127) esp_image: segment 2: paddr=0002c6f0 vaddr=40080000 size=03928h ( 14632) load[0m
[0;32mI (133) esp_image: segment 3: paddr=00030020 vaddr=400d0020 size=7eebch (519868) map[0m
[0;32mI (311) esp_image: segment 4: paddr=000aeee4 vaddr=40083928 size=14618h ( 83480) load[0m
[0;32mI (344) esp_image: segment 5: paddr=000c3504 vaddr=50000000 size=00020h (    32) load[0m
[0;32mI (356) boot: Loaded app from partition at offset 0x10000[0m
[0;32mI (356) boot: Disabling RNG early entropy source...[0m
[0;32mI (366) cpu_start: Multicore app[0m
[0;32mI (374) cpu_start: GPIO 3 and 1 are used as console UART I/O pins[0m
[0;32mI (374) cpu_start: Pro cpu start user code[0m
[0;32mI (375) cpu_start: cpu freq: 160000000 Hz[0m
[0;32mI (376) app_init: Application information:[0m
[0;32mI (380) app_init: Project name:     broadcast-prototype[0m
[0;32mI (385) app_init: App version:      1[0m
[0;32mI (388) app_init: Compile time:     Feb  1 2026 17:26:06[0m
[0;32mI (394) app_init: ELF file SHA256:  24f611aec...[0m
[0;32mI (398) app_init: ESP-IDF:          v5.5.2-dirty[0m
[0;32mI (402) efuse_init: Min chip rev:     v0.0[0m
[0;32mI (406) efuse_init: Max chip rev:     v3.99 [0m
[0;32mI (410) efuse_init: Chip rev:         v3.1[0m
[0;32mI (414) heap_init: Initializing. RAM available for dynamic allocation:[0m
[0;32mI (420) heap_init: At 3FFAE6E0 len 00001920 (6 KiB): DRAM[0m
[0;32mI (425) heap_init: At 3FFB86B8 len 00027948 (158 KiB): DRAM[0m
[0;32mI (431) heap_init: At 3FFE0440 len 00003AE0 (14 KiB): D/IRAM[0m
[0;32mI (436) heap_init: At 3FFE4350 len 0001BCB0 (111 KiB): D/IRAM[0m
[0;32mI (441) heap_init: At 40097F40 len 000080C0 (32 KiB): IRAM[0m
[0;32mI (448) spi_flash: detected chip: generic[0m
[0;32mI (450) spi_flash: flash io: dio[0m
[0;33mW (453) spi_flash: Detected size(4096k) larger than the size in the binary image header(2048k). Using the size in the binary image header.[0m
[0;32mI (466) main_task: Started on CPU0[0m
[0;32mI (476) main_task: Calling app_main()[0m
[0;32mI (516) wifi:wifi driver task: 3ffc05e8, prio:23, stack:6656, core=0[0m
[0;32mI (526) wifi:wifi firmware version: ee91c8c[0m
[0;32mI (526) wifi:wifi certification version: v7.0[0m
[0;32mI (526) wifi:config NVS flash: enabled[0m
[0;32mI (536) wifi:config nano formatting: disabled[0m
[0;32mI (536) wifi:Init data frame dynamic rx buffer num: 32[0m
[0;32mI (536) wifi:Init static rx mgmt buffer num: 5[0m
[0;32mI (546) wifi:Init management short buffer num: 32[0m
[0;32mI (546) wifi:Init dynamic tx buffer num: 32[0m
[0;32mI (556) wifi:Init static rx buffer size: 1600[0m
[0;32mI (556) wifi:Init static rx buffer num: 10[0m
[0;32mI (556) wifi:Init dynamic rx buffer num: 32[0m
[0;32mI (566) wifi_init: rx ba win: 6[0m
[0;32mI (566) wifi_init: accept mbox: 6[0m
[0;32mI (566) wifi_init: tcpip mbox: 32[0m
[0;32mI (576) wifi_init: udp mbox: 6[0m
[0;32mI (576) wifi_init: tcp mbox: 6[0m
[0;32mI (576) wifi_init: tcp tx win: 5760[0m
[0;32mI (586) wifi_init: tcp rx win: 5760[0m
[0;32mI (586) wifi_init: tcp mss: 1440[0m
[0;32mI (586) wifi_init: WiFi IRAM OP enabled[0m
[0;32mI (596) wifi_init: WiFi RX IRAM OP enabled[0m
[0;32mI (596) phy_init: phy_version 4863,a3a4459,Oct 28 2025,14:30:06[0m
[0;32mI (676) wifi:mode : sta (00:4b:12:2d:f7:8c)[0m
[0;32mI (676) wifi:enable tsf[0m
[0;32mI (676) ESPNOW: espnow [version: 2.0] init[0m
[0;32mI (686) ESP_NOW_MESH: ESP-NOW MESH READY[0m
[0;32mI (686) main_task: Returned from app_main()[0m
[1;31mE (1196) FreeRTOS: FreeRTOS Task "rx" should not return, Aborting now![0m

abort() was called at PC 0x4008975f on core 1


Backtrace: 0x40088af1:0x3ffc8230 0x40088ab9:0x3ffc8250 0x400908d9:0x3ffc8270 0x4008975f:0x3ffc82e0




ELF file SHA256: 24f611aec

Rebooting...
ets Jul 29 2019 12:21:46

rst:0xc (SW_CPU_RESET),boot:0x13 (SPI_FAST_FLASH_BOOT)
configsip: 0, SPIWP:0xee
clk_drv:0x00,q_drv:0x00,d_drv:0x00,cs0_drv:0x00,hd_drv:0x00,wp_drv:0x00
mode:DIO, clock div:2
load:0x3fff0030,len:6384
load:0x40078000,len:15916
load:0x40080400,len:3920
entry 0x40080644
[0;32mI (27) boot: ESP-IDF v5.5.2-dirty 2nd stage bootloader[0m
[0;32mI (27) boot: compile time Feb  1 2026 17:26:11[0m
[0;32mI (27) boot: Multicore bootloader[0m
[0;32mI (29) boot: chip revision: v3.1[0m
[0;32mI (32) boot.esp32: SPI Speed      : 40MHz[0m
[0;32mI (36) boot.esp32: SPI Mode       : DIO[0m
[0;32mI (39) boot.esp32: SPI Flash Size : 2MB[0m
[0;32mI (43) boot: Enabling RNG early entropy source...[0m
[0;32mI (47) boot: Partition Table:[0m
[0;32mI (50) boot: ## Label            Usage          Type ST Offset   Length[0m
[0;32mI (56) boot:  0 nvs              WiFi data        01 02 00009000 00006000[0m
[0;32mI (63) boot:  1 phy_init         RF data          01 01 0000f000 00001000[0m
[0;32mI (69) boot:  2 factory          factory app      00 00 00010000 00100000[0m
[0;32mI (76) boot: End of partition table[0m
[0;32mI (79) esp_image: segment 0: paddr=00010020 vaddr=3f400020 size=1879ch (100252) map[0m
[0;32mI (121) esp_image: segment 1: paddr=000287c4 vaddr=3ffb0000 size=03f24h ( 16164) load[0m
[0;32mI (127) esp_image: segment 2: paddr=0002c6f0 vaddr=40080000 size=03928h ( 14632) load[0m
[0;32mI (133) esp_image: segment 3: paddr=00030020 vaddr=400d0020 size=7eebch (519868) map[0m
[0;32mI (311) esp_image: segment 4: paddr=000aeee4 vaddr=40083928 size=14618h ( 83480) load[0m
[0;32mI (344) esp_image: segment 5: paddr=000c3504 vaddr=50000000 size=00020h (    32) load[0m
[0;32mI (356) boot: Loaded app from partition at offset 0x10000[0m
[0;32mI (356) boot: Disabling RNG early entropy source...[0m
[0;32mI (366) cpu_start: Multicore app[0m
[0;32mI (374) cpu_start: GPIO 3 and 1 are used as console UART I/O pins[0m
[0;32mI (374) cpu_start: Pro cpu start user code[0m
[0;32mI (375) cpu_start: cpu freq: 160000000 Hz[0m
[0;32mI (376) app_init: Application information:[0m
[0;32mI (380) app_init: Project name:     broadcast-prototype[0m
[0;32mI (385) app_init: App version:      1[0m
[0;32mI (388) app_init: Compile time:     Feb  1 2026 17:26:06[0m
[0;32mI (394) app_init: ELF file SHA256:  24f611aec...[0m
[0;32mI (398) app_init: ESP-IDF:          v5.5.2-dirty[0m
[0;32mI (402) efuse_init: Min chip rev:     v0.0[0m
[0;32mI (406) efuse_init: Max chip rev:     v3.99 [0m
[0;32mI (410) efuse_init: Chip rev:         v3.1[0m
[0;32mI (414) heap_init: Initializing. RAM available for dynamic allocation:[0m
[0;32mI (420) heap_init: At 3FFAE6E0 len 00001920 (6 KiB): DRAM[0m
[0;32mI (425) heap_init: At 3FFB86B8 len 00027948 (158 KiB): DRAM[0m
[0;32mI (431) heap_init: At 3FFE0440 len 00003AE0 (14 KiB): D/IRAM[0m
[0;32mI (436) heap_init: At 3FFE4350 len 0001BCB0 (111 KiB): D/IRAM[0m
[0;32mI (441) heap_init: At 40097F40 len 000080C0 (32 KiB): IRAM[0m
[0;32mI (448) spi_flash: detected chip: generic[0m
[0;32mI (450) spi_flash: flash io: dio[0m
[0;33mW (453) spi_flash: Detected size(4096k) larger than the size in the binary image header(2048k). Using the size in the binary image header.[0m
[0;32mI (467) main_task: Started on CPU0[0m
[0;32mI (477) main_task: Calling app_main()[0m
[0;32mI (517) wifi:wifi driver task: 3ffc05e8, prio:23, stack:6656, core=0[0m
[0;32mI (527) wifi:wifi firmware version: ee91c8c[0m
[0;32mI (527) wifi:wifi certification version: v7.0[0m
[0;32mI (527) wifi:config NVS flash: enabled[0m
[0;32mI (537) wifi:config nano formatting: disabled[0m
[0;32mI (537) wifi:Init data frame dynamic rx buffer num: 32[0m
[0;32mI (537) wifi:Init static rx mgmt buffer num: 5[0m
[0;32mI (547) wifi:Init management short buffer num: 32[0m
[0;32mI (547) wifi:Init dynamic tx buffer num: 32[0m
[0;32mI (557) wifi:Init static rx buffer size: 1600[0m
[0;32mI (557) wifi:Init static rx buffer num: 10[0m
[0;32mI (557) wifi:Init dynamic rx buffer num: 32[0m
[0;32mI (567) wifi_init: rx ba win: 6[0m
[0;32mI (567) wifi_init: accept mbox: 6[0m
[0;32mI (567) wifi_init: tcpip mbox: 32[0m
[0;32mI (577) wifi_init: udp mbox: 6[0m
[0;32mI (577) wifi_init: tcp mbox: 6[0m
[0;32mI (577) wifi_init: tcp tx win: 5760[0m
[0;32mI (587) wifi_init: tcp rx win: 5760[0m
[0;32mI (587) wifi_init: tcp mss: 1440[0m
[0;32mI (587) wifi_init: WiFi IRAM OP enabled[0m
[0;32mI (597) wifi_init: WiFi RX IRAM OP enabled[0m
[0;32mI (597) phy_init: phy_version 4863,a3a4459,Oct 28 2025,14:30:06[0m
[0;32mI (677) wifi:mode : sta (00:4b:12:2d:f7:8c)[0m
[0;32mI (677) wifi:enable tsf[0m
[0;32mI (677) ESPNOW: espnow [version: 2.0] init[0m
[0;32mI (677) ESP_NOW_MESH: ESP-NOW MESH READY[0m
[0;32mI (677) main_task: Returned from app_main()[0m
[1;31mE (1737) FreeRTOS: FreeRTOS Task "rx" should not return, Aborting now![0m

abort() was called at PC 0x4008975f on core 1


Backtrace: 0x40088af1:0x3ffc8230 0x40088ab9:0x3ffc8250 0x400908d9:0x3ffc8270 0x4008975f:0x3ffc82e0




ELF file SHA256: 24f611aec

Rebooting...
ets Jul 29 2019 12:21:46

rst:0xc (SW_CPU_RESET),boot:0x13 (SPI_FAST_FLASH_BOOT)
configsip: 0, SPIWP:0xee
clk_drv:0x00,q_drv:0x00,d_drv:0x00,cs0_drv:0x00,hd_drv:0x00,wp_drv:0x00
mode:DIO, clock div:2
load:0x3fff0030,len:6384
load:0x40078000,len:15916
load:0x40080400,len:3920
entry 0x40080644
[0;32mI (27) boot: ESP-IDF v5.5.2-dirty 2nd stage bootloader[0m
[0;32mI (27) boot: compile time Feb  1 2026 17:26:11[0m
[0;32mI (27) boot: Multicore bootloader[0m
[0;32mI (29) boot: chip revision: v3.1[0m
[0;32mI (32) boot.esp32: SPI Speed      : 40MHz[0m
[0;32mI (36) boot.esp32: SPI Mode       : DIO[0m
[0;32mI (39) boot.esp32: SPI Flash Size : 2MB[0m
[0;32mI (43) boot: Enabling RNG early entropy source...[0m
[0;32mI (47) boot: Partition Table:[0m
[0;32mI (50) boot: ## Label            Usage          Type ST Offset   Length[0m
[0;32mI (56) boot:  0 nvs              WiFi data        01 02 00009000 00006000[0m
[0;32mI (63) boot:  1 phy_init         RF data          01 01 0000f000 00001000[0m
[0;32mI (69) boot:  2 factory          factory app      00 00 00010000 00100000[0m
[0;32mI (76) boot: End of partition table[0m
[0;32mI (79) esp_image: segment 0: paddr=00010020 vaddr=3f400020 size=1879ch (100252) map[0m
[0;32mI (121) esp_image: segment 1: paddr=000287c4 vaddr=3ffb0000 size=03f24h ( 16164) load[0m
[0;32mI (127) esp_image: segment 2: paddr=0002c6f0 vaddr=40080000 size=03928h ( 14632) load[0m
[0;32mI (133) esp_image: segment 3: paddr=00030020 vaddr=400d0020 size=7eebch (519868) map[0m
[0;32mI (311) esp_image: segment 4: paddr=000aeee4 vaddr=40083928 size=14618h ( 83480) load[0m
[0;32mI (344) esp_image: segment 5: paddr=000c3504 vaddr=50000000 size=00020h (    32) load[0m
[0;32mI (356) boot: Loaded app from partition at offset 0x10000[0m
[0;32mI (356) boot: Disabling RNG early entropy source...[0m
[0;32mI (366) cpu_start: Multicore app[0m
[0;32mI (374) cpu_start: GPIO 3 and 1 are used as console UART I/O pins[0m
[0;32mI (374) cpu_start: Pro cpu start user code[0m
[0;32mI (375) cpu_start: cpu freq: 160000000 Hz[0m
[0;32mI (376) app_init: Application information:[0m
[0;32mI (380) app_init: Project name:     broadcast-prototype[0m
[0;32mI (385) app_init: App version:      1[0m
[0;32mI (388) app_init: Compile time:     Feb  1 2026 17:26:06[0m
[0;32mI (394) app_init: ELF file SHA256:  24f611aec...[0m
[0;32mI (398) app_init: ESP-IDF:          v5.5.2-dirty[0m
[0;32mI (402) efuse_init: Min chip rev:     v0.0[0m
[0;32mI (406) efuse_init: Max chip rev:     v3.99 [0m
[0;32mI (410) efuse_init: Chip rev:         v3.1[0m
[0;32mI (414) heap_init: Initializing. RAM available for dynamic allocation:[0m
[0;32mI (420) heap_init: At 3FFAE6E0 len 00001920 (6 KiB): DRAM[0m
[0;32mI (425) heap_init: At 3FFB86B8 len 00027948 (158 KiB): DRAM[0m
[0;32mI (430) heap_init: At 3FFE0440 len 00003AE0 (14 KiB): D/IRAM[0m
[0;32mI (436) heap_init: At 3FFE4350 len 0001BCB0 (111 KiB): D/IRAM[0m
[0;32mI (441) heap_init: At 40097F40 len 000080C0 (32 KiB): IRAM[0m
[0;32mI (448) spi_flash: detected chip: generic[0m
[0;32mI (450) spi_flash: flash io: dio[0m
[0;33mW (453) spi_flash: Detected size(4096k) larger than the size in the binary image header(2048k). Using the size in the binary image header.[0m
[0;32mI (466) main_task: Started on CPU0[0m
[0;32mI (476) main_task: Calling app_main()[0m
[0;32mI (516) wifi:wifi driver task: 3ffc05e8, prio:23, stack:6656, core=0[0m
[0;32mI (526) wifi:wifi firmware version: ee91c8c[0m
[0;32mI (526) wifi:wifi certification version: v7.0[0m
[0;32mI (526) wifi:config NVS flash: enabled[0m
[0;32mI (536) wifi:config nano formatting: disabled[0m
[0;32mI (536) wifi:Init data frame dynamic rx buffer num: 32[0m
[0;32mI (536) wifi:Init static rx mgmt buffer num: 5[0m
[0;32mI (546) wifi:Init management short buffer num: 32[0m
[0;32mI (546) wifi:Init dynamic tx buffer num: 32[0m
[0;32mI (556) wifi:Init static rx buffer size: 1600[0m
[0;32mI (556) wifi:Init static rx buffer num: 10[0m
[0;32mI (556) wifi:Init dynamic rx buffer num: 32[0m
[0;32mI (566) wifi_init: rx ba win: 6[0m
[0;32mI (566) wifi_init: accept mbox: 6[0m
[0;32mI (566) wifi_init: tcpip mbox: 32[0m
[0;32mI (576) wifi_init: udp mbox: 6[0m
[0;32mI (576) wifi_init: tcp mbox: 6[0m
[0;32mI (576) wifi_init: tcp tx win: 5760[0m
[0;32mI (586) wifi_init: tcp rx win: 5760[0m
[0;32mI (586) wifi_init: tcp mss: 1440[0m
[0;32mI (586) wifi_init: WiFi IRAM OP enabled[0m
[0;32mI (596) wifi_init: WiFi RX IRAM OP enabled[0m
[0;32mI (596) phy_init: phy_version 4863,a3a4459,Oct 28 2025,14:30:06[0m
[0;32mI (676) wifi:mode : sta (00:4b:12:2d:f7:8c)[0m
[0;32mI (676) wifi:enable tsf[0m
[0;32mI (676) ESPNOW: espnow [version: 2.0] init[0m
[0;32mI (686) ESP_NOW_MESH: ESP-NOW MESH READY[0m
[0;32mI (686) main_task: Returned from app_main()[0m
[1;31mE (1196) FreeRTOS: FreeRTOS Task "rx" should not return, Aborting now![0m

abort() was called at PC 0x4008975f on core 1


Backtrace: 0x40088af1:0x3ffc8230 0x40088ab9:0x3ffc8250 0x400908d9:0x3ffc8270 0x4008975f:0x3ffc82e0




ELF file SHA256: 24f611aec

Rebooting...
ets Jul 29 2019 12:21:46

rst:0xc (SW_CPU_RESET),boot:0x13 (SPI_FAST_FLASH_BOOT)
configsip: 0, SPIWP:0xee
clk_drv:0x00,q_drv:0x00,d_drv:0x00,cs0_drv:0x00,hd_drv:0x00,wp_drv:0x00
mode:DIO, clock div:2
load:0x3fff0030,len:6384
load:0x40078000,len:15916
load:0x40080400,len:3920
entry 0x40080644
[0;32mI (27) boot: ESP-IDF v5.5.2-dirty 2nd stage bootloader[0m
[0;32mI (27) boot: compile time Feb  1 2026 17:26:11[0m
[0;32mI (27) boot: Multicore bootloader[0m
[0;32mI (29) boot: chip revision: v3.1[0m
[0;32mI (32) boot.esp32: SPI Speed      : 40MHz[0m
[0;32mI (36) boot.esp32: SPI Mode       : DIO[0m
[0;32mI (39) boot.esp32: SPI Flash Size : 2MB[0m
[0;32mI (43) boot: Enabling RNG early entropy source...[0m
[0;32mI (47) boot: Partition Table:[0m
[0;32mI (50) boot: ## Label            Usage          Type ST Offset   Length[0m
[0;32mI (56) boot:  0 nvs              WiFi data        01 02 00009000 00006000[0m
[0;32mI (63) boot:  1 phy_init         RF data          01 01 0000f000 00001000[0m
[0;32mI (69) boot:  2 factory          factory app      00 00 00010000 00100000[0m
[0;32mI (76) boot: End of partition table[0m
[0;32mI (79) esp_image: segment 0: paddr=00010020 vaddr=3f400020 size=1879ch (100252) map[0m
[0;32mI (121) esp_image: segment 1: paddr=000287c4 vaddr=3ffb0000 size=03f24h ( 16164) load[0m
[0;32mI (127) esp_image: segment 2: paddr=0002c6f0 vaddr=40080000 size=03928h ( 14632) load[0m
[0;32mI (133) esp_image: segment 3: paddr=00030020 vaddr=400d0020 size=7eebch (519868) map[0m
[0;32mI (311) esp_image: segment 4: paddr=000aeee4 vaddr=40083928 size=14618h ( 83480) load[0m
[0;32mI (344) esp_image: segment 5: paddr=000c3504 vaddr=50000000 size=00020h (    32) load[0m
[0;32mI (356) boot: Loaded app from partition at offset 0x10000[0m
[0;32mI (356) boot: Disabling RNG early entropy source...[0m
[0;32mI (366) cpu_start: Multicore app[0m
[0;32mI (374) cpu_start: GPIO 3 and 1 are used as console UART I/O pins[0m
[0;32mI (374) cpu_start: Pro cpu start user code[0m
[0;32mI (375) cpu_start: cpu freq: 160000000 Hz[0m
[0;32mI (376) app_init: Application information:[0m
[0;32mI (380) app_init: Project name:     broadcast-prototype[0m
[0;32mI (385) app_init: App version:      1[0m
[0;32mI (388) app_init: Compile time:     Feb  1 2026 17:26:06[0m
[0;32mI (394) app_init: ELF file SHA256:  24f611aec...[0m
[0;32mI (398) app_init: ESP-IDF:          v5.5.2-dirty[0m
[0;32mI (402) efuse_init: Min chip rev:     v0.0[0m
[0;32mI (406) efuse_init: Max chip rev:     v3.99 [0m
[0;32mI (410) efuse_init: Chip rev:         v3.1[0m
[0;32mI (414) heap_init: Initializing. RAM available for dynamic allocation:[0m
[0;32mI (420) heap_init: At 3FFAE6E0 len 00001920 (6 KiB): DRAM[0m
[0;32mI (425) heap_init: At 3FFB86B8 len 00027948 (158 KiB): DRAM[0m
[0;32mI (431) heap_init: At 3FFE0440 len 00003AE0 (14 KiB): D/IRAM[0m
[0;32mI (436) heap_init: At 3FFE4350 len 0001BCB0 (111 KiB): D/IRAM[0m
[0;32mI (441) heap_init: At 40097F40 len 000080C0 (32 KiB): IRAM[0m
[0;32mI (448) spi_flash: detected chip: generic[0m
[0;32mI (450) spi_flash: flash io: dio[0m
[0;33mW (453) spi_flash: Detected size(4096k) larger than the size in the binary image header(2048k). Using the size in the binary image header.[0m
[0;32mI (466) main_task: Started on CPU0[0m
[0;32mI (476) main_task: Calling app_main()[0m
[0;32mI (516) wifi:wifi driver task: 3ffc05e8, prio:23, stack:6656, core=0[0m
[0;32mI (526) wifi:wifi firmware version: ee91c8c[0m
[0;32mI (526) wifi:wifi certification version: v7.0[0m
[0;32mI (526) wifi:config NVS flash: enabled[0m
[0;32mI (536) wifi:config nano formatting: disabled[0m
[0;32mI (536) wifi:Init data frame dynamic rx buffer num: 32[0m
[0;32mI (536) wifi:Init static rx mgmt buffer num: 5[0m
[0;32mI (546) wifi:Init management short buffer num: 32[0m
[0;32mI (546) wifi:Init dynamic tx buffer num: 32[0m
[0;32mI (556) wifi:Init static rx buffer size: 1600[0m
[0;32mI (556) wifi:Init static rx buffer num: 10[0m
[0;32mI (556) wifi:Init dynamic rx buffer num: 32[0m
[0;32mI (566) wifi_init: rx ba win: 6[0m
[0;32mI (566) wifi_init: accept mbox: 6[0m
[0;32mI (566) wifi_init: tcpip mbox: 32[0m
[0;32mI (576) wifi_init: udp mbox: 6[0m
[0;32mI (576) wifi_init: tcp mbox: 6[0m
[0;32mI (576) wifi_init: tcp tx win: 5760[0m
[0;32mI (586) wifi_init: tcp rx win: 5760[0m
[0;32mI (586) wifi_init: tcp mss: 1440[0m
[0;32mI (586) wifi_init: WiFi IRAM OP enabled[0m
[0;32mI (596) wifi_init: WiFi RX IRAM OP enabled[0m
[0;32mI (596) phy_init: phy_version 4863,a3a4459,Oct 28 2025,14:30:06[0m
[0;32mI (676) wifi:mode : sta (00:4b:12:2d:f7:8c)[0m
[0;32mI (676) wifi:enable tsf[0m
[0;32mI (676) ESPNOW: espnow [version: 2.0] init[0m
[0;32mI (676) ESP_NOW_MESH: ESP-NOW MESH READY[0m
[0;32mI (676) main_task: Returned from app_main()[0m
[1;31mE (1736) FreeRTOS: FreeRTOS Task "rx" should not return, Aborting now![0m

abort() was called at PC 0x4008975f on core 1


Backtrace: 0x40088af1:0x3ffc8230 0x40088ab9:0x3ffc8250 0x400908d9:0x3ffc8270 0x4008975f:0x3ffc82e0




ELF file SHA256: 24f611aec

Rebooting...
ets Jul 29 2019 12:21:46

rst:0xc (SW_CPU_RESET),boot:0x13 (SPI_FAST_FLASH_BOOT)
configsip: 0, SPIWP:0xee
clk_drv:0x00,q_drv:0x00,d_drv:0x00,cs0_drv:0x00,hd_drv:0x00,wp_drv:0x00
mode:DIO, clock div:2
load:0x3fff0030,len:6384
load:0x40078000,len:15916
load:0x40080400,len:3920
entry 0x40080644
[0;32mI (27) boot: ESP-IDF v5.5.2-dirty 2nd stage bootloader[0m
[0;32mI (27) boot: compile time Feb  1 2026 17:26:11[0m
[0;32mI (27) boot: Multicore bootloader[0m
[0;32mI (29) boot: chip revision: v3.1[0m
[0;32mI (32) boot.esp32: SPI Speed      : 40MHz[0m
[0;32mI (36) boot.esp32: SPI Mode       : DIO[0m
[0;32mI (39) boot.esp32: SPI Flash Size : 2MB[0m
[0;32mI (43) boot: Enabling RNG early entropy source...[0m
[0;32mI (47) boot: Partition Table:[0m
[0;32mI (50) boot: ## Label            Usage          Type ST Offset   Length[0m
[0;32mI (56) boot:  0 nvs              WiFi data        01 02 00009000 00006000[0m
[0;32mI (63) boot:  1 phy_init         RF data          01 01 0000f000 00001000[0m
[0;32mI (69) boot:  2 factory          factory app      00 00 00010000 00100000[0m
[0;32mI (76) boot: End of partition table[0m
[0;32mI (79) esp_image: segment 0: paddr=00010020 vaddr=3f400020 size=1879ch (100252) map[0m
[0;32mI (121) esp_image: segment 1: paddr=000287c4 vaddr=3ffb0000 size=03f24h ( 16164) load[0m
[0;32mI (127) esp_image: segment 2: paddr=0002c6f0 vaddr=40080000 size=03928h ( 14632) load[0m
[0;32mI (133) esp_image: segment 3: paddr=00030020 vaddr=400d0020 size=7eebch (519868) map[0m
[0;32mI (311) esp_image: segment 4: paddr=000aeee4 vaddr=40083928 size=14618h ( 83480) load[0m
[0;32mI (344) esp_image: segment 5: paddr=000c3504 vaddr=50000000 size=00020h (    32) load[0m
[0;32mI (356) boot: Loaded app from partition at offset 0x10000[0m
[0;32mI (356) boot: Disabling RNG early entropy source...[0m
[0;32mI (366) cpu_start: Multicore app[0m
[0;32mI (374) cpu_start: GPIO 3 and 1 are used as console UART I/O pins[0m
[0;32mI (374) cpu_start: Pro cpu start user code[0m
[0;32mI (375) cpu_start: cpu freq: 160000000 Hz[0m
[0;32mI (376) app_init: Application information:[0m
[0;32mI (380) app_init: Project name:     broadcast-prototype[0m
[0;32mI (385) app_init: App version:      1[0m
[0;32mI (388) app_init: Compile time:     Feb  1 2026 17:26:06[0m
[0;32mI (394) app_init: ELF file SHA256:  24f611aec...[0m
[0;32mI (398) app_init: ESP-IDF:          v5.5.2-dirty[0m
[0;32mI (402) efuse_init: Min chip rev:     v0.0[0m
[0;32mI (406) efuse_init: Max chip rev:     v3.99 [0m
[0;32mI (410) efuse_init: Chip rev:         v3.1[0m
[0;32mI (414) heap_init: Initializing. RAM available for dynamic allocation:[0m
[0;32mI (420) heap_init: At 3FFAE6E0 len 00001920 (6 KiB): DRAM[0m
[0;32mI (425) heap_init: At 3FFB86B8 len 00027948 (158 KiB): DRAM[0m
[0;32mI (431) heap_init: At 3FFE0440 len 00003AE0 (14 KiB): D/IRAM[0m
[0;32mI (436) heap_init: At 3FFE4350 len 0001BCB0 (111 KiB): D/IRAM[0m
[0;32mI (441) heap_init: At 40097F40 len 000080C0 (32 KiB): IRAM[0m
[0;32mI (448) spi_flash: detected chip: generic[0m
[0;32mI (450) spi_flash: flash io: dio[0m
[0;33mW (453) spi_flash: Detected size(4096k) larger than the size in the binary image header(2048k). Using the size in the binary image header.[0m
[0;32mI (466) main_task: Started on CPU0[0m
[0;32mI (476) main_task: Calling app_main()[0m
[0;32mI (516) wifi:wifi driver task: 3ffc05e8, prio:23, stack:6656, core=0[0m
[0;32mI (526) wifi:wifi firmware version: ee91c8c[0m
[0;32mI (526) wifi:wifi certification version: v7.0[0m
[0;32mI (526) wifi:config NVS flash: enabled[0m
[0;32mI (536) wifi:config nano formatting: disabled[0m
[0;32mI (536) wifi:Init data frame dynamic rx buffer num: 32[0m
[0;32mI (536) wifi:Init static rx mgmt buffer num: 5[0m
[0;32mI (546) wifi:Init management short buffer num: 32[0m
[0;32mI (546) wifi:Init dynamic tx buffer num: 32[0m
[0;32mI (556) wifi:Init static rx buffer size: 1600[0m
[0;32mI (556) wifi:Init static rx buffer num: 10[0m
[0;32mI (556) wifi:Init dynamic rx buffer num: 32[0m
[0;32mI (566) wifi_init: rx ba win: 6[0m
[0;32mI (566) wifi_init: accept mbox: 6[0m
[0;32mI (566) wifi_init: tcpip mbox: 32[0m
[0;32mI (576) wifi_init: udp mbox: 6[0m
[0;32mI (576) wifi_init: tcp mbox: 6[0m
[0;32mI (576) wifi_init: tcp tx win: 5760[0m
[0;32mI (586) wifi_init: tcp rx win: 5760[0m
[0;32mI (586) wifi_init: tcp mss: 1440[0m
[0;32mI (586) wifi_init: WiFi IRAM OP enabled[0m
[0;32mI (596) wifi_init: WiFi RX IRAM OP enabled[0m
[0;32mI (596) phy_init: phy_version 4863,a3a4459,Oct 28 2025,14:30:06[0m
[0;32mI (676) wifi:mode : sta (00:4b:12:2d:f7:8c)[0m
[0;32mI (676) wifi:enable tsf[0m
[0;32mI (676) ESPNOW: espnow [version: 2.0] init[0m
[0;32mI (676) ESP_NOW_MESH: ESP-NOW MESH READY[0m
[0;32mI (676) main_task: Returned from app_main()[0m
[1;31mE (1206) FreeRTOS: FreeRTOS Task "rx" should not return, Aborting now![0m

abort() was called at PC 0x4008975f on core 1


Backtrace: 0x40088af1:0x3ffc8230 0x40088ab9:0x3ffc8250 0x400908d9:0x3ffc8270 0x4008975f:0x3ffc82e0




ELF file SHA256: 24f611aec

Rebooting...
ets Jul 29 2019 12:21:46

rst:0xc (SW_CPU_RESET),boot:0x13 (SPI_FAST_FLASH_BOOT)
configsip: 0, SPIWP:0xee
clk_drv:0x00,q_drv:0x00,d_drv:0x00,cs0_drv:0x00,hd_drv:0x00,wp_drv:0x00
mode:DIO, clock div:2
load:0x3fff0030,len:6384
load:0x40078000,len:15916
load:0x40080400,len:3920
entry 0x40080644
[0;32mI (27) boot: ESP-IDF v5.5.2-dirty 2nd stage bootloader[0m
[0;32mI (27) boot: compile time Feb  1 2026 17:26:11[0m
[0;32mI (27) boot: Multicore bootloader[0m
[0;32mI (29) boot: chip revision: v3.1[0m
[0;32mI (32) boot.esp32: SPI Speed      : 40MHz[0m
[0;32mI (36) boot.esp32: SPI Mode       : DIO[0m
[0;32mI (39) boot.esp32: SPI Flash Size : 2MB[0m
[0;32mI (43) boot: Enabling RNG early entropy source...[0m
[0;32mI (47) boot: Partition Table:[0m
[0;32mI (50) boot: ## Label            Usage          Type ST Offset   Length[0m
[0;32mI (56) boot:  0 nvs              WiFi data        01 02 00009000 00006000[0m
[0;32mI (63) boot:  1 phy_init         RF data          01 01 0000f000 00001000[0m
[0;32mI (69) boot:  2 factory          factory app      00 00 00010000 00100000[0m
[0;32mI (76) boot: End of partition table[0m
[0;32mI (79) esp_image: segment 0: paddr=00010020 vaddr=3f400020 size=1879ch (100252) map[0m
[0;32mI (121) esp_image: segment 1: paddr=000287c4 vaddr=3ffb0000 size=03f24h ( 16164) load[0m
[0;32mI (127) esp_image: segment 2: paddr=0002c6f0 vaddr=40080000 size=03928h ( 14632) load[0m
