Command: /Users/tallesrocha/.espressif/tools/python/v5.5.2/venv/bin/python3 /Users/tallesrocha/.espressif/v5.5.2/esp-idf/tools/idf_monitor.py -p /dev/cu.wchusbserial5A580551381 -b 115200 --toolchain-prefix xtensa-esp32-elf- --target esp32 --revision 0 /Users/tallesrocha/Desktop/sempreiot-new/broadcast-prototype/build/broadcast-prototype.elf /Users/tallesrocha/Desktop/sempreiot-new/broadcast-prototype/build/bootloader/bootloader.elf -m '/Users/tallesrocha/.espressif/tools/python/v5.5.2/venv/bin/python3' '/Users/tallesrocha/.espressif/v5.5.2/esp-idf/tools/idf.py'
s0, coexist: 0

[0;32mI (677) ESPNOW: espnow [versï¿½ets Jul 29 2019 12:21:46[0m

rst:0x1 (POWERON_RESET),boot:0x13 (SPI_FAST_FLASH_BOOT)
configsip: 0, SPIWP:0xee
clk_drv:0x00,q_drv:0x00,d_drv:0x00,cs0_drv:0x00,hd_drv:0x00,wp_drv:0x00
mode:DIO, clock div:2
load:0x3fff0030,len:6384
load:0x40078000,len:15916
load:0x40080400,len:3920
entry 0x40080644
[0;32mI (27) boot: ESP-IDF v5.5.2-dirty 2nd stage bootloader[0m
[0;32mI (27) boot: compile time Feb  1 2026 17:26:11[0m
[0;32mI (27) boot: Multicore bootloader[0m
[0;32mI (29) boot: chip revision: v3.1[0m
[0;32mI (32) boot.esp32: SPI Speed      : 40MHz[0m
[0;32mI (36) boot.esp32: SPI Mode       : DIO[0m
[0;32mI (39) boot.esp32: SPI Flash Size : 2MB[0m
[0;32mI (43) boot: Enabling RNG early entropy source...[0m
[0;32mI (47) boot: Partition Table:[0m
[0;32mI (50) boot: ## Label            Usage          Type ST Offset   Length[0m
[0;32mI (56) boot:  0 nvs              WiFi data        01 02 00009000 00006000[0m
[0;32mI (63) boot:  1 phy_init         RF data          01 01 0000f000 00001000[0m
[0;32mI (69) boot:  2 factory          factory app      00 00 00010000 00100000[0m
[0;32mI (76) boot: End of partition table[0m
[0;32mI (79) esp_image: segment 0: paddr=00010020 vaddr=3f400020 size=189b8h (100792) map[0m
[0;32mI (121) esp_image: segment 1: paddr=000289e0 vaddr=3ffb0000 size=03f24h ( 16164) load[0m
[0;32mI (127) esp_image: segment 2: paddr=0002c90c vaddr=40080000 size=0370ch ( 14092) load[0m
[0;32mI (133) esp_image: segment 3: paddr=00030020 vaddr=400d0020 size=7ee6ch (519788) map[0m
[0;32mI (311) esp_image: segment 4: paddr=000aee94 vaddr=4008370c size=14834h ( 84020) load[0m
[0;32mI (344) esp_image: segment 5: paddr=000c36d0 vaddr=50000000 size=00020h (    32) load[0m
[0;32mI (356) boot: Loaded app from partition at offset 0x10000[0m
[0;32mI (356) boot: Disabling RNG early entropy source...[0m
[0;32mI (366) cpu_start: Multicore app[0m
[0;32mI (375) cpu_start: GPIO 3 and 1 are used as console UART I/O pins[0m
[0;32mI (375) cpu_start: Pro cpu start user code[0m
[0;32mI (375) cpu_start: cpu freq: 160000000 Hz[0m
[0;32mI (377) app_init: Application information:[0m
[0;32mI (381) app_init: Project name:     broadcast-prototype[0m
[0;32mI (386) app_init: App version:      1[0m
[0;32mI (389) app_init: Compile time:     Feb  1 2026 17:26:06[0m
[0;32mI (394) app_init: ELF file SHA256:  f12e61017...[0m
[0;32mI (398) app_init: ESP-IDF:          v5.5.2-dirty[0m
[0;32mI (403) efuse_init: Min chip rev:     v0.0[0m
[0;32mI (406) efuse_init: Max chip rev:     v3.99 [0m
[0;32mI (410) efuse_init: Chip rev:         v3.1[0m
[0;32mI (415) heap_init: Initializing. RAM available for dynamic allocation:[0m
[0;32mI (421) heap_init: At 3FFAE6E0 len 00001920 (6 KiB): DRAM[0m
[0;32mI (426) heap_init: At 3FFB83F0 len 00027C10 (159 KiB): DRAM[0m
[0;32mI (431) heap_init: At 3FFE0440 len 00003AE0 (14 KiB): D/IRAM[0m
[0;32mI (436) heap_init: At 3FFE4350 len 0001BCB0 (111 KiB): D/IRAM[0m
[0;32mI (442) heap_init: At 40097F40 len 000080C0 (32 KiB): IRAM[0m
[0;32mI (449) spi_flash: detected chip: generic[0m
[0;32mI (451) spi_flash: flash io: dio[0m
[0;33mW (454) spi_flash: Detected size(4096k) larger than the size in the binary image header(2048k). Using the size in the binary image header.[0m
[0;32mI (467) main_task: Started on CPU0[0m
[0;32mI (477) main_task: Calling app_main()[0m
[0;32mI (507) wifi:wifi driver task: 3ffc0414, prio:23, stack:6656, core=0[0m
[0;32mI (517) wifi:wifi firmware version: ee91c8c[0m
[0;32mI (517) wifi:wifi certification version: v7.0[0m
[0;32mI (517) wifi:config NVS flash: enabled[0m
[0;32mI (517) wifi:config nano formatting: disabled[0m
[0;32mI (517) wifi:Init data frame dynamic rx buffer num: 32[0m
[0;32mI (527) wifi:Init static rx mgmt buffer num: 5[0m
[0;32mI (527) wifi:Init management short buffer num: 32[0m
[0;32mI (537) wifi:Init dynamic tx buffer num: 32[0m
[0;32mI (537) wifi:Init static rx buffer size: 1600[0m
[0;32mI (547) wifi:Init static rx buffer num: 10[0m
[0;32mI (547) wifi:Init dynamic rx buffer num: 32[0m
[0;32mI (547) wifi_init: rx ba win: 6[0m
[0;32mI (557) wifi_init: accept mbox: 6[0m
[0;32mI (557) wifi_init: tcpip mbox: 32[0m
[0;32mI (557) wifi_init: udp mbox: 6[0m
[0;32mI (567) wifi_init: tcp mbox: 6[0m
[0;32mI (567) wifi_init: tcp tx win: 5760[0m
[0;32mI (567) wifi_init: tcp rx win: 5760[0m
[0;32mI (567) wifi_init: tcp mss: 1440[0m
[0;32mI (577) wifi_init: WiFi IRAM OP enabled[0m
[0;32mI (577) wifi_init: WiFi RX IRAM OP enabled[0m
[0;32mI (587) phy_init: phy_version 4863,a3a4459,Oct 28 2025,14:30:06[0m
[0;32mI (657) wifi:mode : sta (38:18:2b:8c:13:d0) + softAP (38:18:2b:8c:13:d1)[0m
[0;32mI (657) wifi:enable tsf[0m
[0;32mI (667) wifi:Total power save buffer number: 16[0m
[0;32mI (667) wifi:Init max length of beacon: 752/752[0m
[0;32mI (667) wifi:Init max length of beacon: 752/752[0m
[0;32mI (677) wifi:Set ps type: 0, coexist: 0[0m

[0;32mI (677) ESPNOW: espnow [version: 2.0] init[0m
[0;32mI (677) ESP_NOW_BROADCAST: ESP-NOW broadcast mesh ready[0m
[0;32mI (687) main_task: Returned from app_main()[0m
[0;32mI (18247) ESP_NOW_BROADCAST: RX src=B4:E6:2D:96:A2:85 dst=FF:FF:FF:FF:FF:FF origin=B4:E6:2D:96:A2:85 msg_id=0 ttl=5 rssi=-43[0m
[0;32mI (19247) ESP_NOW_BROADCAST: RX src=B4:E6:2D:96:A2:85 dst=FF:FF:FF:FF:FF:FF origin=B4:E6:2D:96:A2:85 msg_id=1 ttl=5 rssi=-44[0m
[0;32mI (20247) ESP_NOW_BROADCAST: RX src=B4:E6:2D:96:A2:85 dst=FF:FF:FF:FF:FF:FF origin=B4:E6:2D:96:A2:85 msg_id=2 ttl=5 rssi=-44[0m
[0;32mI (21247) ESP_NOW_BROADCAST: RX src=B4:E6:2D:96:A2:85 dst=FF:FF:FF:FF:FF:FF origin=B4:E6:2D:96:A2:85 msg_id=3 ttl=5 rssi=-46[0m
[0;32mI (22257) ESP_NOW_BROADCAST: RX src=B4:E6:2D:96:A2:85 dst=FF:FF:FF:FF:FF:FF origin=B4:E6:2D:96:A2:85 msg_id=4 ttl=5 rssi=-44[0m
[0;32mI (23247) ESP_NOW_BROADCAST: RX src=B4:E6:2D:96:A2:85 dst=FF:FF:FF:FF:FF:FF origin=B4:E6:2D:96:A2:85 msg_id=5 ttl=5 rssi=-45[0m
[0;32mI (24247) ESP_NOW_BROADCAST: RX src=B4:E6:2D:96:A2:85 dst=FF:FF:FF:FF:FF:FF origin=B4:E6:2D:96:A2:85 msg_id=6 ttl=5 rssi=-44[0m
[0;32mI (25247) ESP_NOW_BROADCAST: RX src=B4:E6:2D:96:A2:85 dst=FF:FF:FF:FF:FF:FF origin=B4:E6:2D:96:A2:85 msg_id=7 ttl=5 rssi=-45[0m
[0;32mI (26247) ESP_NOW_BROADCAST: RX src=B4:E6:2D:96:A2:85 dst=FF:FF:FF:FF:FF:FF origin=B4:E6:2D:96:A2:85 msg_id=8 ttl=5 rssi=-44[0m
[0;32mI (27257) ESP_NOW_BROADCAST: RX src=B4:E6:2D:96:A2:85 dst=FF:FF:FF:FF:FF:FF origin=B4:E6:2D:96:A2:85 msg_id=9 ttl=5 rssi=-46[0m
[0;32mI (28247) ESP_NOW_BROADCAST: RX src=B4:E6:2D:96:A2:85 dst=FF:FF:FF:FF:FF:FF origin=B4:E6:2D:96:A2:85 msg_id=10 ttl=5 rssi=-45[0m
[0;32mI (29247) ESP_NOW_BROADCAST: RX src=B4:E6:2D:96:A2:85 dst=FF:FF:FF:FF:FF:FF origin=B4:E6:2D:96:A2:85 msg_id=11 ttl=5 rssi=-43[0m
[0;32mI (30247) ESP_NOW_BROADCAST: RX src=B4:E6:2D:96:A2:85 dst=FF:FF:FF:FF:FF:FF origin=B4:E6:2D:96:A2:85 msg_id=12 ttl=5 rssi=-46[0m
[0;32mI (31247) ESP_NOW_BROADCAST: RX src=B4:E6:2D:96:A2:85 dst=FF:FF:FF:FF:FF:FF origin=B4:E6:2D:96:A2:85 msg_id=13 ttl=5 rssi=-46[0m
[0;32mI (32247) ESP_NOW_BROADCAST: RX src=B4:E6:2D:96:A2:85 dst=FF:FF:FF:FF:FF:FF origin=B4:E6:2D:96:A2:85 msg_id=14 ttl=5 rssi=-46[0m
[0;32mI (37527) ESP_NOW_BROADCAST: TX src=38:18:2B:8C:13:D0 dst=FF:FF:FF:FF:FF:FF origin=38:18:2B:8C:13:D0 msg_id=0 ttl=5[0m
[0;32mI (38417) ESP_NOW_BROADCAST: RX src=40:22:D8:7B:98:04 dst=FF:FF:FF:FF:FF:FF origin=38:18:2B:8C:13:D0 msg_id=0 ttl=4 rssi=-51[0m
[0;32mI (38777) ESP_NOW_BROADCAST: TX src=38:18:2B:8C:13:D0 dst=FF:FF:FF:FF:FF:FF origin=38:18:2B:8C:13:D0 msg_id=1 ttl=5[0m
[0;32mI (39667) ESP_NOW_BROADCAST: RX src=40:22:D8:7B:98:04 dst=FF:FF:FF:FF:FF:FF origin=38:18:2B:8C:13:D0 msg_id=1 ttl=4 rssi=-37[0m
[0;32mI (39927) ESP_NOW_BROADCAST: TX src=38:18:2B:8C:13:D0 dst=FF:FF:FF:FF:FF:FF origin=38:18:2B:8C:13:D0 msg_id=2 ttl=5[0m
[0;32mI (40817) ESP_NOW_BROADCAST: RX src=40:22:D8:7B:98:04 dst=FF:FF:FF:FF:FF:FF origin=38:18:2B:8C:13:D0 msg_id=2 ttl=4 rssi=-33[0m
[0;32mI (41127) ESP_NOW_BROADCAST: TX src=38:18:2B:8C:13:D0 dst=FF:FF:FF:FF:FF:FF origin=38:18:2B:8C:13:D0 msg_id=3 ttl=5[0m
[0;32mI (42017) ESP_NOW_BROADCAST: RX src=40:22:D8:7B:98:04 dst=FF:FF:FF:FF:FF:FF origin=38:18:2B:8C:13:D0 msg_id=3 ttl=4 rssi=-31[0m
[0;32mI (42277) ESP_NOW_BROADCAST: TX src=38:18:2B:8C:13:D0 dst=FF:FF:FF:FF:FF:FF origin=38:18:2B:8C:13:D0 msg_id=4 ttl=5[0m
[0;32mI (43167) ESP_NOW_BROADCAST: RX src=40:22:D8:7B:98:04 dst=FF:FF:FF:FF:FF:FF origin=38:18:2B:8C:13:D0 msg_id=4 ttl=4 rssi=-30[0m
[0;32mI (43527) ESP_NOW_BROADCAST: TX src=38:18:2B:8C:13:D0 dst=FF:FF:FF:FF:FF:FF origin=38:18:2B:8C:13:D0 msg_id=5 ttl=5[0m
[0;32mI (44417) ESP_NOW_BROADCAST: RX src=40:22:D8:7B:98:04 dst=FF:FF:FF:FF:FF:FF origin=38:18:2B:8C:13:D0 msg_id=5 ttl=4 rssi=-31[0m
[0;32mI (55087) ESP_NOW_BROADCAST: RX src=00:4B:12:2D:F7:8C dst=FF:FF:FF:FF:FF:FF origin=00:4B:12:2D:F7:8C msg_id=3 ttl=5 rssi=-33[0m
[0;32mI (56737) ESP_NOW_BROADCAST: RX src=00:4B:12:2D:F7:8C dst=FF:FF:FF:FF:FF:FF origin=00:4B:12:2D:F7:8C msg_id=4 ttl=5 rssi=-31[0m
[0;32mI (57637) ESP_NOW_BROADCAST: RX src=00:4B:12:2D:F7:8C dst=FF:FF:FF:FF:FF:FF origin=00:4B:12:2D:F7:8C msg_id=5 ttl=5 rssi=-31[0m
[0;32mI (58737) ESP_NOW_BROADCAST: RX src=00:4B:12:2D:F7:8C dst=FF:FF:FF:FF:FF:FF origin=00:4B:12:2D:F7:8C msg_id=6 ttl=5 rssi=-32[0m
[0;32mI (59937) ESP_NOW_BROADCAST: RX src=00:4B:12:2D:F7:8C dst=FF:FF:FF:FF:FF:FF origin=00:4B:12:2D:F7:8C msg_id=7 ttl=5 rssi=-31[0m
[0;32mI (61337) ESP_NOW_BROADCAST: RX src=00:4B:12:2D:F7:8C dst=FF:FF:FF:FF:FF:FF origin=00:4B:12:2D:F7:8C msg_id=8 ttl=5 rssi=-31[0m
[0;32mI (62587) ESP_NOW_BROADCAST: RX src=00:4B:12:2D:F7:8C dst=FF:FF:FF:FF:FF:FF origin=00:4B:12:2D:F7:8C msg_id=9 ttl=5 rssi=-30[0m
[0;32mI (63787) ESP_NOW_BROADCAST: RX src=00:4B:12:2D:F7:8C dst=FF:FF:FF:FF:FF:FF origin=00:4B:12:2D:F7:8C msg_id=10 ttl=5 rssi=-30[0m
