Command: /Users/tallesrocha/.espressif/tools/python/v5.5.2/venv/bin/python3 /Users/tallesrocha/.espressif/v5.5.2/esp-idf/tools/idf_monitor.py -p /dev/cu.usbserial-0001 -b 115200 --toolchain-prefix xtensa-esp32-elf- --target esp32 --revision 0 /Users/tallesrocha/Desktop/sempreiot-new/broadcast-prototype/build/broadcast-prototype.elf /Users/tallesrocha/Desktop/sempreiot-new/broadcast-prototype/build/bootloader/bootloader.elf -m '/Users/tallesrocha/.espressif/tools/python/v5.5.2/venv/bin/python3' '/Users/tallesrocha/.espressif/v5.5.2/esp-idf/tools/idf.py'
DIO
I ï¿½Í…ï¿½ï¿½ï¿½         Type ST Offset   Length
[0;32mI (56) boot:  0 nvs              WiFi data        01 02 00009000 00006000[0m
[0;32mI (62) boot:  1 phy_init         RF data          01 01 0000f000 00001000[0m
[0;32mI (69) boot:ï¿½ets Jun  8 2016 00:22:57[0m

rst:0x1 (POWERON_RESET),boot:0x13 (SPI_FAST_FLASH_BOOT)
configsip: 0, SPIWP:0xee
clk_drv:0x00,q_drv:0x00,d_drv:0x00,cs0_drv:0x00,hd_drv:0x00,wp_drv:0x00
mode:DIO, clock div:2
load:0x3fff0030,len:6384
load:0x40078000,len:15916
load:0x40080400,len:3920
entry 0x40080644
[0;32mI (27) boot: ESP-IDF v5.5.2-dirty 2nd stage bootloader[0m
[0;32mI (27) boot: compile time Feb  1 2026 17:26:11[0m
[0;32mI (27) boot: Multicore bootloader[0m
[0;32mI (29) boot: chip revision: v1.0[0m
[0;32mI (31) boot.esp32: SPI Speed      : 40MHz[0m
[0;32mI (35) boot.esp32: SPI Mode       : DIO[0m
[0;32mI (39) boot.esp32: SPI Flash Size : 2MB[0m
[0;32mI (42) boot: Enabling RNG early entropy source...[0m
[0;32mI (47) boot: Partition Table:[0m
[0;32mI (49) boot: ## Label            Usage          Type ST Offset   Length[0m
[0;32mI (56) boot:  0 nvs              WiFi data        01 02 00009000 00006000[0m
[0;32mI (62) boot:  1 phy_init         RF data          01 01 0000f000 00001000[0m
[0;32mI (69) boot:  2 factory          factory app      00 00 00010000 00100000[0m
[0;32mI (75) boot: End of partition table[0m
[0;32mI (78) esp_image: segment 0: paddr=00010020 vaddr=3f400020 size=187cch (100300) map[0m
[0;32mI (120) esp_image: segment 1: paddr=000287f4 vaddr=3ffb0000 size=03f24h ( 16164) load[0m
[0;32mI (126) esp_image: segment 2: paddr=0002c720 vaddr=40080000 size=038f8h ( 14584) load[0m
[0;32mI (132) esp_image: segment 3: paddr=00030020 vaddr=400d0020 size=7ef68h (520040) map[0m
[0;32mI (310) esp_image: segment 4: paddr=000aef90 vaddr=400838f8 size=14648h ( 83528) load[0m
[0;32mI (343) esp_image: segment 5: paddr=000c35e0 vaddr=50000000 size=00020h (    32) load[0m
[0;32mI (355) boot: Loaded app from partition at offset 0x10000[0m
[0;32mI (355) boot: Disabling RNG early entropy source...[0m
[0;32mI (366) cpu_start: Multicore app[0m
[0;32mI (374) cpu_start: GPIO 3 and 1 are used as console UART I/O pins[0m
[0;32mI (374) cpu_start: Pro cpu start user code[0m
[0;32mI (374) cpu_start: cpu freq: 160000000 Hz[0m
[0;32mI (376) app_init: Application information:[0m
[0;32mI (380) app_init: Project name:     broadcast-prototype[0m
[0;32mI (385) app_init: App version:      1[0m
[0;32mI (388) app_init: Compile time:     Feb  1 2026 17:26:06[0m
[0;32mI (393) app_init: ELF file SHA256:  c8f4ee68f...[0m
[0;32mI (397) app_init: ESP-IDF:          v5.5.2-dirty[0m
[0;32mI (402) efuse_init: Min chip rev:     v0.0[0m
[0;32mI (406) efuse_init: Max chip rev:     v3.99 [0m
[0;32mI (410) efuse_init: Chip rev:         v1.0[0m
[0;32mI (414) heap_init: Initializing. RAM available for dynamic allocation:[0m
[0;32mI (420) heap_init: At 3FFAE6E0 len 00001920 (6 KiB): DRAM[0m
[0;32mI (425) heap_init: At 3FFB86B8 len 00027948 (158 KiB): DRAM[0m
[0;32mI (430) heap_init: At 3FFE0440 len 00003AE0 (14 KiB): D/IRAM[0m
[0;32mI (435) heap_init: At 3FFE4350 len 0001BCB0 (111 KiB): D/IRAM[0m
[0;32mI (441) heap_init: At 40097F40 len 000080C0 (32 KiB): IRAM[0m
[0;32mI (448) spi_flash: detected chip: gd[0m
[0;32mI (449) spi_flash: flash io: dio[0m
[0;33mW (452) spi_flash: Detected size(4096k) larger than the size in the binary image header(2048k). Using the size in the binary image header.[0m
[0;32mI (466) main_task: Started on CPU0[0m
[0;32mI (476) main_task: Calling app_main()[0m
[0;32mI (516) wifi:wifi driver task: 3ffc0958, prio:23, stack:6656, core=0[0m
[0;32mI (526) wifi:wifi firmware version: ee91c8c[0m
[0;32mI (526) wifi:wifi certification version: v7.0[0m
[0;32mI (526) wifi:config NVS flash: enabled[0m
[0;32mI (536) wifi:config nano formatting: disabled[0m
[0;32mI (536) wifi:Init data frame dynamic rx buffer num: 32[0m
[0;32mI (536) wifi:Init static rx mgmt buffer num: 5[0m
[0;32mI (546) wifi:Init management short buffer num: 32[0m
[0;32mI (546) wifi:Init dynamic tx buffer num: 32[0m
[0;32mI (556) wifi:Init static rx buffer size: 1600[0m
[0;32mI (556) wifi:Init static rx buffer num: 10[0m
[0;32mI (556) wifi:Init dynamic rx buffer num: 32[0m
[0;32mI (566) wifi_init: rx ba win: 6[0m
[0;32mI (566) wifi_init: accept mbox: 6[0m
[0;32mI (566) wifi_init: tcpip mbox: 32[0m
[0;32mI (576) wifi_init: udp mbox: 6[0m
[0;32mI (576) wifi_init: tcp mbox: 6[0m
[0;32mI (576) wifi_init: tcp tx win: 5760[0m
[0;32mI (586) wifi_init: tcp rx win: 5760[0m
[0;32mI (586) wifi_init: tcp mss: 1440[0m
[0;32mI (586) wifi_init: WiFi IRAM OP enabled[0m
[0;32mI (596) wifi_init: WiFi RX IRAM OP enabled[0m
[0;32mI (596) phy_init: phy_version 4863,a3a4459,Oct 28 2025,14:30:06[0m
[0;32mI (676) wifi:mode : sta (b4:e6:2d:96:a2:85)[0m
[0;32mI (676) wifi:enable tsf[0m
[0;32mI (686) ESPNOW: espnow [version: 2.0] init[0m
[0;32mI (686) ESP_NOW_MESH: ESP-NOW MESH READY[0m
[0;32mI (686) main_task: Returned from app_main()[0m
[0;32mI (7256) ESP_NOW_MESH: PEER ADD 40:22:D8:7B:98:04[0m
